--------------------------------------------------------------------------------------------------------------------------------------------------------------------------------
      name:  <unnamed>
       log:  C:\Users\jsemprini\OneDrive - Des Moines University\6-Student-Research\Su26-Elective\iii-Danielle\2-Derm\results\2-analysis-derm_mort-analysis-rucc1-update.log
  log type:  text
 opened on:  28 Sep 2026, 21:09:44

. 
. ***test rural disparity****
. 
. foreach x in rucc_2013 rural_cat metro{
  2.         areg melanoma_mortality_rate i.`x' [fw=pop] , vce(cluster state_fips) absorb(state_fips)
  3. 
.         margins `x'
  4.                 margins , dydx(`x')
  5. 
. }

Linear regression, absorbing indicators          Number of obs     = 972076140
Absorbed variable: state_fips                    No. of categories =        47
                                                 F(8, 46)          =     11.94
                                                 Prob > F          =    0.0000
                                                 R-squared         =    0.1470
                                                 Adj R-squared     =    0.1470
                                                 Root MSE          =    0.8300

                            (Std. err. adjusted for 47 clusters in state_fips)
------------------------------------------------------------------------------
             |               Robust
melanoma_m~e | Coefficient  std. err.      t    P>|t|     [95% conf. interval]
-------------+----------------------------------------------------------------
   rucc_2013 |
          2  |    .206641   .0554533     3.73   0.001     .0950193    .3182626
          3  |   .3343696   .0558756     5.98   0.000     .2218978    .4468414
          4  |   .2940647   .0724185     4.06   0.000     .1482937    .4398356
          5  |   .1708033   .0886979     1.93   0.060    -.0077363    .3493429
          6  |   .6048317   .0910883     6.64   0.000     .4214805    .7881829
          7  |   .5368854   .0992882     5.41   0.000     .3370286    .7367422
          8  |   .5656992   .1875651     3.02   0.004     .1881501    .9432482
          9  |    1.39361   .2476845     5.63   0.000      .895047    1.892173
             |
       _cons |   2.502259   .0222642   112.39   0.000     2.457443    2.547074
------------------------------------------------------------------------------

Adjusted predictions                                 Number of obs = 972076140
Model VCE: Robust

Expression: Linear prediction, predict()

------------------------------------------------------------------------------
             |            Delta-method
             |     Margin   std. err.      t    P>|t|     [95% conf. interval]
-------------+----------------------------------------------------------------
   rucc_2013 |
          1  |   2.502259   .0222642   112.39   0.000     2.457443    2.547074
          2  |     2.7089   .0391485    69.20   0.000     2.630098    2.787701
          3  |   2.836628   .0433625    65.42   0.000     2.749344    2.923912
          4  |   2.796323   .0657746    42.51   0.000     2.663926    2.928721
          5  |   2.673062   .0798751    33.47   0.000     2.512282    2.833842
          6  |    3.10709   .0806233    38.54   0.000     2.944804    3.269377
          7  |   3.039144   .0897316    33.87   0.000     2.858524    3.219764
          8  |   3.067958   .1872725    16.38   0.000     2.690998    3.444918
          9  |   3.895869    .243177    16.02   0.000     3.406379    4.385359
------------------------------------------------------------------------------

Conditional marginal effects                         Number of obs = 972076140
Model VCE: Robust

Expression: Linear prediction, predict()
dy/dx wrt:  2.rucc_2013 3.rucc_2013 4.rucc_2013 5.rucc_2013 6.rucc_2013 7.rucc_2013 8.rucc_2013 9.rucc_2013

------------------------------------------------------------------------------
             |            Delta-method
             |      dy/dx   std. err.      t    P>|t|     [95% conf. interval]
-------------+----------------------------------------------------------------
   rucc_2013 |
          2  |    .206641   .0554533     3.73   0.001     .0950193    .3182626
          3  |   .3343696   .0558756     5.98   0.000     .2218978    .4468414
          4  |   .2940647   .0724185     4.06   0.000     .1482937    .4398356
          5  |   .1708033   .0886979     1.93   0.060    -.0077363    .3493429
          6  |   .6048317   .0910883     6.64   0.000     .4214805    .7881829
          7  |   .5368854   .0992882     5.41   0.000     .3370286    .7367422
          8  |   .5656992   .1875651     3.02   0.004     .1881501    .9432482
          9  |    1.39361   .2476845     5.63   0.000      .895047    1.892173
------------------------------------------------------------------------------
Note: dy/dx for factor levels is the discrete change from the base level.

Linear regression, absorbing indicators          Number of obs     = 972076140
Absorbed variable: state_fips                    No. of categories =        47
                                                 F(2, 46)          =     20.75
                                                 Prob > F          =    0.0000
                                                 R-squared         =    0.1243
                                                 Adj R-squared     =    0.1243
                                                 Root MSE          =    0.8409

                            (Std. err. adjusted for 47 clusters in state_fips)
------------------------------------------------------------------------------
             |               Robust
melanoma_m~e | Coefficient  std. err.      t    P>|t|     [95% conf. interval]
-------------+----------------------------------------------------------------
   rural_cat |
          2  |    .311226   .0557415     5.58   0.000     .1990243    .4234278
          3  |    .844278   .1897766     4.45   0.000     .4622774    1.226279
             |
       _cons |   2.608504   .0099681   261.69   0.000     2.588439    2.628569
------------------------------------------------------------------------------

Adjusted predictions                                 Number of obs = 972076140
Model VCE: Robust

Expression: Linear prediction, predict()

------------------------------------------------------------------------------
             |            Delta-method
             |     Margin   std. err.      t    P>|t|     [95% conf. interval]
-------------+----------------------------------------------------------------
   rural_cat |
          1  |   2.608504   .0099681   261.69   0.000     2.588439    2.628569
          2  |    2.91973   .0462637    63.11   0.000     2.826606    3.012854
          3  |   3.452782   .1849725    18.67   0.000     3.080452    3.825113
------------------------------------------------------------------------------

Conditional marginal effects                         Number of obs = 972076140
Model VCE: Robust

Expression: Linear prediction, predict()
dy/dx wrt:  2.rural_cat 3.rural_cat

------------------------------------------------------------------------------
             |            Delta-method
             |      dy/dx   std. err.      t    P>|t|     [95% conf. interval]
-------------+----------------------------------------------------------------
   rural_cat |
          2  |    .311226   .0557415     5.58   0.000     .1990243    .4234278
          3  |    .844278   .1897766     4.45   0.000     .4622774    1.226279
------------------------------------------------------------------------------
Note: dy/dx for factor levels is the discrete change from the base level.

Linear regression, absorbing indicators          Number of obs     = 972076140
Absorbed variable: state_fips                    No. of categories =        47
                                                 F(1, 46)          =     39.20
                                                 Prob > F          =    0.0000
                                                 R-squared         =    0.1195
                                                 Adj R-squared     =    0.1195
                                                 Root MSE          =    0.8433

                            (Std. err. adjusted for 47 clusters in state_fips)
------------------------------------------------------------------------------
             |               Robust
melanoma_m~e | Coefficient  std. err.      t    P>|t|     [95% conf. interval]
-------------+----------------------------------------------------------------
     1.metro |  -.3553812   .0567585    -6.26   0.000    -.4696302   -.2411321
       _cons |   2.964313   .0468558    63.26   0.000     2.869997    3.058628
------------------------------------------------------------------------------

Adjusted predictions                                 Number of obs = 972076140
Model VCE: Robust

Expression: Linear prediction, predict()

------------------------------------------------------------------------------
             |            Delta-method
             |     Margin   std. err.      t    P>|t|     [95% conf. interval]
-------------+----------------------------------------------------------------
       metro |
          0  |   2.964313   .0468558    63.26   0.000     2.869997    3.058628
          1  |   2.608931   .0099027   263.46   0.000     2.588998    2.628865
------------------------------------------------------------------------------

Conditional marginal effects                         Number of obs = 972076140
Model VCE: Robust

Expression: Linear prediction, predict()
dy/dx wrt:  1.metro

------------------------------------------------------------------------------
             |            Delta-method
             |      dy/dx   std. err.      t    P>|t|     [95% conf. interval]
-------------+----------------------------------------------------------------
     1.metro |  -.3553812   .0567585    -6.26   0.000    -.4696302   -.2411321
------------------------------------------------------------------------------
Note: dy/dx for factor levels is the discrete change from the base level.

. 
. 
. log close
      name:  <unnamed>
       log:  C:\Users\jsemprini\OneDrive - Des Moines University\6-Student-Research\Su26-Elective\iii-Danielle\2-Derm\results\2-analysis-derm_mort-analysis-rucc1-update.log
  log type:  text
 closed on:  28 Sep 2026, 21:09:45
--------------------------------------------------------------------------------------------------------------------------------------------------------------------------------
