--------------------------------------------------------------------------------------------------------------------------------------------------------------------------------
      name:  <unnamed>
       log:  C:\Users\jsemprini\OneDrive - Des Moines University\6-Student-Research\Su26-Elective\iii-Danielle\2-Derm\results\2-analysis-derm_mort-rucc-update.log
  log type:  text
 opened on:  28 Sep 2026, 21:09:41

. 
. reg melanoma_mortality_rate i.rucc

      Source |       SS           df       MS      Number of obs   =     2,671
-------------+----------------------------------   F(8, 2662)      =     24.94
       Model |  956.658207         8  119.582276   Prob > F        =    0.0000
    Residual |  12765.5446     2,662   4.7954713   R-squared       =    0.0697
-------------+----------------------------------   Adj R-squared   =    0.0669
       Total |  13722.2028     2,670   5.1394018   Root MSE        =    2.1899

------------------------------------------------------------------------------
melanoma_m~e | Coefficient  Std. err.      t    P>|t|     [95% conf. interval]
-------------+----------------------------------------------------------------
   rucc_2013 |
          2  |   .0999087   .1578694     0.63   0.527    -.2096504    .4094678
          3  |   .3812471    .160889     2.37   0.018      .065767    .6967272
          4  |   .1376951   .1862635     0.74   0.460    -.2275408     .502931
          5  |  -.0493963    .259401    -0.19   0.849    -.5580441    .4592516
          6  |    .621745   .1428568     4.35   0.000     .3416234    .9018666
          7  |   .4400929   .1581076     2.78   0.005     .1300668     .750119
          8  |   1.023259    .207052     4.94   0.000     .6172601    1.429258
          9  |   2.262274   .1822815    12.41   0.000     1.904846    2.619701
             |
       _cons |   2.702885   .1073665    25.17   0.000     2.492354    2.913415
------------------------------------------------------------------------------

. margins rucc

Adjusted predictions                                     Number of obs = 2,671
Model VCE: OLS

Expression: Linear prediction, predict()

------------------------------------------------------------------------------
             |            Delta-method
             |     Margin   std. err.      t    P>|t|     [95% conf. interval]
-------------+----------------------------------------------------------------
   rucc_2013 |
          1  |   2.702885   .1073665    25.17   0.000     2.492354    2.913415
          2  |   2.802793   .1157375    24.22   0.000     2.575849    3.029738
          3  |   3.084132   .1198236    25.74   0.000     2.849175    3.319089
          4  |    2.84058   .1522055    18.66   0.000     2.542127    3.139033
          5  |   2.653488   .2361383    11.24   0.000     2.190455    3.116521
          6  |    3.32463   .0942364    35.28   0.000     3.139846    3.509414
          7  |   3.142978   .1160622    27.08   0.000     2.915396    3.370559
          8  |   3.726144   .1770394    21.05   0.000     3.378995    4.073292
          9  |   4.965158   .1473057    33.71   0.000     4.676313    5.254004
------------------------------------------------------------------------------

. 
. poisson dermatologists i.rucc

Iteration 0:  Log likelihood = -20604.389  
Iteration 1:  Log likelihood = -18009.971  
Iteration 2:  Log likelihood = -17127.308  
Iteration 3:  Log likelihood = -17110.904  
Iteration 4:  Log likelihood = -17109.119  
Iteration 5:  Log likelihood = -17109.043  
Iteration 6:  Log likelihood = -17109.043  

Poisson regression                                    Number of obs =    2,671
                                                      LR chi2(8)    = 25668.99
                                                      Prob > chi2   =   0.0000
Log likelihood = -17109.043                           Pseudo R2     =   0.4286

--------------------------------------------------------------------------------
dermatologists | Coefficient  Std. err.      z    P>|z|     [95% conf. interval]
---------------+----------------------------------------------------------------
     rucc_2013 |
            2  |  -1.242423   .0237034   -52.42   0.000    -1.288881   -1.195965
            3  |  -2.012261   .0339628   -59.25   0.000    -2.078827   -1.945695
            4  |  -3.218988   .0756953   -42.53   0.000    -3.367348   -3.070628
            5  |  -2.678213   .0893634   -29.97   0.000    -2.853362   -2.503064
            6  |  -5.216487   .1264311   -41.26   0.000    -5.464288   -4.968687
            7  |  -4.815849   .1274395   -37.79   0.000    -5.065626   -4.566072
            8  |  -7.405327   .7071798   -10.47   0.000    -8.791374    -6.01928
            9  |  -8.466179   1.000037    -8.47   0.000    -10.42622   -6.506141
               |
         _cons |   3.068053   .0105739   290.15   0.000     3.047329    3.088777
--------------------------------------------------------------------------------

. margins rucc

Adjusted predictions                                     Number of obs = 2,671
Model VCE: OIM

Expression: Predicted number of events, predict()

------------------------------------------------------------------------------
             |            Delta-method
             |     Margin   std. err.      z    P>|z|     [95% conf. interval]
-------------+----------------------------------------------------------------
   rucc_2013 |
          1  |       21.5   .2273383    94.57   0.000     21.05443    21.94558
          2  |   6.206704   .1316707    47.14   0.000     5.948634    6.464774
          3  |   2.874252   .0927661    30.98   0.000     2.692433     3.05607
          4  |   .8599034   .0644525    13.34   0.000     .7335789     .986228
          5  |   1.476744   .1310399    11.27   0.000     1.219911    1.733578
          6  |   .1166667   .0146986     7.94   0.000     .0878579    .1454754
          7  |   .1741573    .022118     7.87   0.000     .1308068    .2175078
          8  |   .0130721   .0092433     1.41   0.157    -.0050444    .0311887
          9  |   .0045251    .004525     1.00   0.317    -.0043437    .0133938
------------------------------------------------------------------------------

. 
. poisson dermatology_rate i.rucc
note: noncount dependent variable encountered; if you are fitting an exponential-mean model, consider using robust standard errors.

Iteration 0:  Log likelihood = -5605.0419  
Iteration 1:  Log likelihood = -5575.4229  
Iteration 2:  Log likelihood = -5574.4185  
Iteration 3:  Log likelihood =  -5574.403  
Iteration 4:  Log likelihood =  -5574.403  

Poisson regression                                     Number of obs =   2,671
                                                       LR chi2(8)    = 2784.43
                                                       Prob > chi2   =  0.0000
Log likelihood = -5574.403                             Pseudo R2     =  0.1998

----------------------------------------------------------------------------------
dermatology_rate | Coefficient  Std. err.      z    P>|z|     [95% conf. interval]
-----------------+----------------------------------------------------------------
       rucc_2013 |
              2  |   -.302616   .0462884    -6.54   0.000    -.3933396   -.2118924
              3  |   .0017706    .043224     0.04   0.967    -.0829469    .0864881
              4  |  -.8142181   .0679053   -11.99   0.000      -.94731   -.6811261
              5  |  -.1482142   .0741962    -2.00   0.046    -.2936361   -.0027922
              6  |  -2.007784   .0749044   -26.80   0.000    -2.154594   -1.860974
              7  |  -1.577149   .0744598   -21.18   0.000    -1.723088    -1.43121
              8  |  -4.041439   .3601372   -11.22   0.000    -4.747295   -3.335583
              9  |  -5.052048    .495914   -10.19   0.000    -6.024022   -4.080075
                 |
           _cons |   1.059983    .028859    36.73   0.000     1.003421    1.116546
----------------------------------------------------------------------------------

. margins rucc

Adjusted predictions                                     Number of obs = 2,671
Model VCE: OIM

Expression: Predicted number of events, predict()

------------------------------------------------------------------------------
             |            Delta-method
             |     Margin   std. err.      z    P>|z|     [95% conf. interval]
-------------+----------------------------------------------------------------
   rucc_2013 |
          1  |   2.886322   .0832963    34.65   0.000     2.723064     3.04958
          2  |   2.132654   .0771825    27.63   0.000     1.981379    2.283928
          3  |   2.891437    .093043    31.08   0.000     2.709076    3.073798
          4  |   1.278599   .0785927    16.27   0.000      1.12456    1.432638
          5  |   2.488721   .1701135    14.63   0.000     2.155305    2.822137
          6  |   .3875926   .0267911    14.47   0.000      .335083    .4401022
          7  |   .5962079   .0409236    14.57   0.000     .5159991    .6764167
          8  |    .050719    .018207     2.79   0.005     .0150338    .0864041
          9  |   .0184615   .0091398     2.02   0.043     .0005478    .0363753
------------------------------------------------------------------------------

. 
. probit anyderm i.rucc

Iteration 0:  Log likelihood = -1730.6571  
Iteration 1:  Log likelihood = -1278.1394  
Iteration 2:  Log likelihood = -1261.2392  
Iteration 3:  Log likelihood = -1260.3499  
Iteration 4:  Log likelihood = -1260.3343  
Iteration 5:  Log likelihood = -1260.3343  

Probit regression                                       Number of obs =  2,671
                                                        LR chi2(8)    = 940.65
                                                        Prob > chi2   = 0.0000
Log likelihood = -1260.3343                             Pseudo R2     = 0.2718

------------------------------------------------------------------------------
     anyderm | Coefficient  Std. err.      z    P>|z|     [95% conf. interval]
-------------+----------------------------------------------------------------
   rucc_2013 |
          2  |  -.2644694   .0923701    -2.86   0.004    -.4455115   -.0834274
          3  |  -.2115431   .0943046    -2.24   0.025    -.3963768   -.0267095
          4  |  -.5649032   .1081652    -5.22   0.000    -.7769032   -.3529032
          5  |  -.2563272   .1504317    -1.70   0.088    -.5511679    .0385135
          6  |  -1.764739   .0980397   -18.00   0.000    -1.956894   -1.572585
          7  |  -1.565631   .1050947   -14.90   0.000    -1.771613   -1.359649
          8  |  -2.685861   .2803819    -9.58   0.000    -3.235399   -2.136322
          9  |  -3.071955   .3472237    -8.85   0.000    -3.752501   -2.391409
             |
       _cons |   .4617916   .0638901     7.23   0.000     .3365692     .587014
------------------------------------------------------------------------------

. margins rucc

Adjusted predictions                                     Number of obs = 2,671
Model VCE: OIM

Expression: Pr(anyderm), predict()

------------------------------------------------------------------------------
             |            Delta-method
             |     Margin   std. err.      z    P>|z|     [95% conf. interval]
-------------+----------------------------------------------------------------
   rucc_2013 |
          1  |   .6778846   .0229106    29.59   0.000     .6329806    .7227886
          2  |   .5782123   .0261005    22.15   0.000     .5270562    .6293684
          3  |   .5988024   .0268193    22.33   0.000     .5462375    .6513673
          4  |   .4589372    .034635    13.25   0.000     .3910538    .5268206
          5  |   .5813953   .0531972    10.93   0.000     .4771308    .6856599
          6  |   .0962963   .0126947     7.59   0.000     .0714152    .1211774
          7  |   .1348315   .0181018     7.45   0.000     .0993526    .1703103
          8  |   .0130719   .0091826     1.42   0.155    -.0049257    .0310695
          9  |   .0045249   .0045147     1.00   0.316    -.0043236    .0133735
------------------------------------------------------------------------------

. 
. tab rucc anyderm 

           |        anyderm
 RUCC_2013 |         0          1 |     Total
-----------+----------------------+----------
         1 |       134        282 |       416 
         2 |       151        207 |       358 
         3 |       134        200 |       334 
         4 |       112         95 |       207 
         5 |        36         50 |        86 
         6 |       488         52 |       540 
         7 |       308         48 |       356 
         8 |       151          2 |       153 
         9 |       220          1 |       221 
-----------+----------------------+----------
     Total |     1,734        937 |     2,671 

. 
. ***rural categories***
. 
. reg melanoma_mortality_rate i.rural_cat

      Source |       SS           df       MS      Number of obs   =     2,671
-------------+----------------------------------   F(2, 2668)      =     75.22
       Model |  732.439125         2  366.219562   Prob > F        =    0.0000
    Residual |  12989.7637     2,668  4.86872702   R-squared       =    0.0534
-------------+----------------------------------   Adj R-squared   =    0.0527
       Total |  13722.2028     2,670   5.1394018   Root MSE        =    2.2065

------------------------------------------------------------------------------
melanoma_m~e | Coefficient  Std. err.      t    P>|t|     [95% conf. interval]
-------------+----------------------------------------------------------------
   rural_cat |
          2  |   .2873362   .0921356     3.12   0.002     .1066718    .4680005
          3  |   1.608199   .1319551    12.19   0.000     1.349454    1.866943
             |
       _cons |    2.85009   .0662884    43.00   0.000     2.720108    2.980072
------------------------------------------------------------------------------

. margins rural_cat

Adjusted predictions                                     Number of obs = 2,671
Model VCE: OLS

Expression: Linear prediction, predict()

------------------------------------------------------------------------------
             |            Delta-method
             |     Margin   std. err.      t    P>|t|     [95% conf. interval]
-------------+----------------------------------------------------------------
   rural_cat |
          1  |    2.85009   .0662884    43.00   0.000     2.720108    2.980072
          2  |   3.137426   .0639907    49.03   0.000      3.01195    3.262903
          3  |   4.458289   .1140964    39.07   0.000     4.234562    4.682015
------------------------------------------------------------------------------

. 
. poisson dermatologists i.rural_cat

Iteration 0:  Log likelihood = -20981.885  
Iteration 1:  Log likelihood = -20843.767  
Iteration 2:  Log likelihood = -20824.315  
Iteration 3:  Log likelihood = -20821.565  
Iteration 4:  Log likelihood = -20821.461  
Iteration 5:  Log likelihood = -20821.461  

Poisson regression                                    Number of obs =    2,671
                                                      LR chi2(2)    = 18244.15
                                                      Prob > chi2   =   0.0000
Log likelihood = -20821.461                           Pseudo R2     =   0.3046

--------------------------------------------------------------------------------
dermatologists | Coefficient  Std. err.      z    P>|z|     [95% conf. interval]
---------------+----------------------------------------------------------------
     rural_cat |
            2  |  -3.409878   .0490719   -69.49   0.000    -3.506057   -3.313699
            3  |  -7.218406   .5774121   -12.50   0.000    -8.350113   -6.086699
               |
         _cons |   2.392795   .0090812   263.49   0.000     2.374997    2.410594
--------------------------------------------------------------------------------

. margins rural_cat

Adjusted predictions                                     Number of obs = 2,671
Model VCE: OIM

Expression: Predicted number of events, predict()

------------------------------------------------------------------------------
             |            Delta-method
             |     Margin   std. err.      z    P>|z|     [95% conf. interval]
-------------+----------------------------------------------------------------
   rural_cat |
          1  |   10.94404   .0993846   110.12   0.000     10.74925    11.13883
          2  |   .3616485   .0174402    20.74   0.000     .3274662    .3958307
          3  |   .0080217   .0046312     1.73   0.083    -.0010554    .0170987
------------------------------------------------------------------------------

. 
. poisson dermatology_rate i.rural_cat
note: noncount dependent variable encountered; if you are fitting an exponential-mean model, consider using robust standard errors.

Iteration 0:  Log likelihood = -5836.3297  
Iteration 1:  Log likelihood = -5805.6884  
Iteration 2:  Log likelihood = -5805.5597  
Iteration 3:  Log likelihood = -5805.5593  

Poisson regression                                     Number of obs =   2,671
                                                       LR chi2(2)    = 2322.12
                                                       Prob > chi2   =  0.0000
Log likelihood = -5805.5593                            Pseudo R2     =  0.1667

----------------------------------------------------------------------------------
dermatology_rate | Coefficient  Std. err.      z    P>|z|     [95% conf. interval]
-----------------+----------------------------------------------------------------
       rural_cat |
              2  |  -1.250621   .0381065   -32.82   0.000    -1.325308   -1.175933
              3  |  -4.425173   .2912022   -15.20   0.000    -4.995919   -3.854428
                 |
           _cons |   .9724254   .0184744    52.64   0.000     .9362162    1.008635
----------------------------------------------------------------------------------

. margins rural_cat

Adjusted predictions                                     Number of obs = 2,671
Model VCE: OIM

Expression: Predicted number of events, predict()

------------------------------------------------------------------------------
             |            Delta-method
             |     Margin   std. err.      z    P>|z|     [95% conf. interval]
-------------+----------------------------------------------------------------
   rural_cat |
          1  |    2.64435   .0488528    54.13   0.000       2.5486      2.7401
          2  |   .7571489   .0252348    30.00   0.000     .7076896    .8066082
          3  |   .0316585   .0092005     3.44   0.001      .013626    .0496911
------------------------------------------------------------------------------

. 
. probit anyderm i.rural_cat

Iteration 0:  Log likelihood = -1730.6571  
Iteration 1:  Log likelihood = -1373.8045  
Iteration 2:  Log likelihood = -1357.7093  
Iteration 3:  Log likelihood = -1357.0702  
Iteration 4:  Log likelihood = -1357.0658  
Iteration 5:  Log likelihood = -1357.0658  

Probit regression                                       Number of obs =  2,671
                                                        LR chi2(2)    = 747.18
                                                        Prob > chi2   = 0.0000
Log likelihood = -1357.0658                             Pseudo R2     = 0.2159

------------------------------------------------------------------------------
     anyderm | Coefficient  Std. err.      z    P>|z|     [95% conf. interval]
-------------+----------------------------------------------------------------
   rural_cat |
          2  |  -1.130504   .0562347   -20.10   0.000    -1.240722   -1.020286
          3  |  -2.718261   .2134052   -12.74   0.000    -3.136527   -2.299994
             |
       _cons |   .3103199   .0383184     8.10   0.000     .2352171    .3854227
------------------------------------------------------------------------------

. margins rural_cat

Adjusted predictions                                     Number of obs = 2,671
Model VCE: OIM

Expression: Pr(anyderm), predict()

------------------------------------------------------------------------------
             |            Delta-method
             |     Margin   std. err.      z    P>|z|     [95% conf. interval]
-------------+----------------------------------------------------------------
   rural_cat |
          1  |   .6218412   .0145682    42.68   0.000     .5932879    .6503944
          2  |   .2060555     .01173    17.57   0.000     .1830652    .2290458
          3  |   .0080214   .0046125     1.74   0.082     -.001019    .0170618
------------------------------------------------------------------------------

. 
. tab rural_cat anyderm 

           |        anyderm
 rural_cat |         0          1 |     Total
-----------+----------------------+----------
         1 |       419        689 |     1,108 
         2 |       944        245 |     1,189 
         3 |       371          3 |       374 
-----------+----------------------+----------
     Total |     1,734        937 |     2,671 

. 
. ***metro binary***
. 
. reg melanoma_mortality_rate i.metro

      Source |       SS           df       MS      Number of obs   =     2,671
-------------+----------------------------------   F(1, 2669)      =     46.72
       Model |   236.06446         1   236.06446   Prob > F        =    0.0000
    Residual |  13486.1383     2,669  5.05288061   R-squared       =    0.0172
-------------+----------------------------------   Adj R-squared   =    0.0168
       Total |  13722.2028     2,670   5.1394018   Root MSE        =    2.2479

------------------------------------------------------------------------------
melanoma_m~e | Coefficient  Std. err.      t    P>|t|     [95% conf. interval]
-------------+----------------------------------------------------------------
     1.metro |  -.6033966   .0882789    -6.84   0.000    -.7764987   -.4302946
       _cons |   3.453487   .0568578    60.74   0.000     3.341997    3.564977
------------------------------------------------------------------------------

. margins metro

Adjusted predictions                                     Number of obs = 2,671
Model VCE: OLS

Expression: Linear prediction, predict()

------------------------------------------------------------------------------
             |            Delta-method
             |     Margin   std. err.      t    P>|t|     [95% conf. interval]
-------------+----------------------------------------------------------------
       metro |
          0  |   3.453487   .0568578    60.74   0.000     3.341997    3.564977
          1  |    2.85009   .0675304    42.20   0.000     2.717673    2.982508
------------------------------------------------------------------------------

. 
. poisson dermatologists i.metro

Iteration 0:  Log likelihood = -21013.945  
Iteration 1:  Log likelihood = -20925.613  
Iteration 2:  Log likelihood = -20925.448  
Iteration 3:  Log likelihood = -20925.448  

Poisson regression                                    Number of obs =    2,671
                                                      LR chi2(1)    = 18036.18
                                                      Prob > chi2   =   0.0000
Log likelihood = -20925.448                           Pseudo R2     =   0.3012

--------------------------------------------------------------------------------
dermatologists | Coefficient  Std. err.      z    P>|z|     [95% conf. interval]
---------------+----------------------------------------------------------------
       1.metro |    3.67642   .0489074    75.17   0.000     3.580563    3.772277
         _cons |  -1.283625   .0480569   -26.71   0.000    -1.377814   -1.189435
--------------------------------------------------------------------------------

. margins metro

Adjusted predictions                                     Number of obs = 2,671
Model VCE: OIM

Expression: Predicted number of events, predict()

------------------------------------------------------------------------------
             |            Delta-method
             |     Margin   std. err.      z    P>|z|     [95% conf. interval]
-------------+----------------------------------------------------------------
       metro |
          0  |   .2770314   .0133133    20.81   0.000     .2509378    .3031249
          1  |   10.94404   .0993846   110.12   0.000     10.74925    11.13883
------------------------------------------------------------------------------

. 
. poisson dermatology_rate i.metro
note: noncount dependent variable encountered; if you are fitting an exponential-mean model, consider using robust standard errors.

Iteration 0:  Log likelihood = -6005.5078  
Iteration 1:  Log likelihood = -6005.5064  
Iteration 2:  Log likelihood = -6005.5064  

Poisson regression                                     Number of obs =   2,671
                                                       LR chi2(1)    = 1922.23
                                                       Prob > chi2   =  0.0000
Log likelihood = -6005.5064                            Pseudo R2     =  0.1380

----------------------------------------------------------------------------------
dermatology_rate | Coefficient  Std. err.      z    P>|z|     [95% conf. interval]
-----------------+----------------------------------------------------------------
         1.metro |   1.511049   .0379168    39.85   0.000     1.436733    1.585365
           _cons |  -.5386237   .0331117   -16.27   0.000    -.6035214    -.473726
----------------------------------------------------------------------------------

. margins metro

Adjusted predictions                                     Number of obs = 2,671
Model VCE: OIM

Expression: Predicted number of events, predict()

------------------------------------------------------------------------------
             |            Delta-method
             |     Margin   std. err.      z    P>|z|     [95% conf. interval]
-------------+----------------------------------------------------------------
       metro |
          0  |   .5835509   .0193223    30.20   0.000     .5456798     .621422
          1  |    2.64435   .0488528    54.13   0.000       2.5486      2.7401
------------------------------------------------------------------------------

. 
. probit anyderm i.metro

Iteration 0:  Log likelihood = -1730.6571  
Iteration 1:  Log likelihood = -1420.2528  
Iteration 2:  Log likelihood = -1418.5215  
Iteration 3:  Log likelihood =  -1418.521  
Iteration 4:  Log likelihood =  -1418.521  

Probit regression                                       Number of obs =  2,671
                                                        LR chi2(1)    = 624.27
                                                        Prob > chi2   = 0.0000
Log likelihood = -1418.521                              Pseudo R2     = 0.1804

------------------------------------------------------------------------------
     anyderm | Coefficient  Std. err.      z    P>|z|     [95% conf. interval]
-------------+----------------------------------------------------------------
     1.metro |   1.310262   .0541005    24.22   0.000     1.204227    1.416297
       _cons |  -.9999423   .0381911   -26.18   0.000    -1.074795    -.925089
------------------------------------------------------------------------------

. margins metro

Adjusted predictions                                     Number of obs = 2,671
Model VCE: OIM

Expression: Pr(anyderm), predict()

------------------------------------------------------------------------------
             |            Delta-method
             |     Margin   std. err.      z    P>|z|     [95% conf. interval]
-------------+----------------------------------------------------------------
       metro |
          0  |   .1586692   .0092417    17.17   0.000     .1405559    .1767826
          1  |   .6218412   .0145682    42.68   0.000     .5932879    .6503944
------------------------------------------------------------------------------

. 
. tab metro anyderm 

           |        anyderm
     metro |         0          1 |     Total
-----------+----------------------+----------
         0 |     1,315        248 |     1,563 
         1 |       419        689 |     1,108 
-----------+----------------------+----------
     Total |     1,734        937 |     2,671 

. 
. log close
      name:  <unnamed>
       log:  C:\Users\jsemprini\OneDrive - Des Moines University\6-Student-Research\Su26-Elective\iii-Danielle\2-Derm\results\2-analysis-derm_mort-rucc-update.log
  log type:  text
 closed on:  28 Sep 2026, 21:09:44
--------------------------------------------------------------------------------------------------------------------------------------------------------------------------------
