--------------------------------------------------------------------------------------------------------------------------------------------------------------------------------
      name:  <unnamed>
       log:  C:\Users\jsemprini\OneDrive - Des Moines University\6-Student-Research\Su26-Elective\iii-Danielle\2-Derm\results\2-analysis-derm_mort-analysis-rucc3-update.log
  log type:  text
 opened on:  28 Sep 2026, 21:09:45

. 
. 
. areg melanoma_mortality_rate i.metro##i.anyderm [fw=pop] , vce(cluster state_fips) absorb(state_fips)

Linear regression, absorbing indicators          Number of obs     = 972076140
Absorbed variable: state_fips                    No. of categories =        47
                                                 F(3, 46)          =     18.78
                                                 Prob > F          =    0.0000
                                                 R-squared         =    0.1283
                                                 Adj R-squared     =    0.1283
                                                 Root MSE          =    0.8390

                             (Std. err. adjusted for 47 clusters in state_fips)
-------------------------------------------------------------------------------
              |               Robust
melanoma_mo~e | Coefficient  std. err.      t    P>|t|     [95% conf. interval]
--------------+----------------------------------------------------------------
      1.metro |  -.1105116   .0759641    -1.45   0.153    -.2634194    .0423961
    1.anyderm |  -.1393324   .0832414    -1.67   0.101    -.3068886    .0282239
              |
metro#anyderm |
         1 1  |  -.1890179   .0926761    -2.04   0.047    -.3755652   -.0024707
              |
        _cons |   3.017907   .0578161    52.20   0.000     2.901529    3.134284
-------------------------------------------------------------------------------

. 
. margins anyderm , dydx(metro)

Conditional marginal effects                         Number of obs = 972076140
Model VCE: Robust

Expression: Linear prediction, predict()
dy/dx wrt:  1.metro

------------------------------------------------------------------------------
             |            Delta-method
             |      dy/dx   std. err.      t    P>|t|     [95% conf. interval]
-------------+----------------------------------------------------------------
0.metro      |  (base outcome)
-------------+----------------------------------------------------------------
1.metro      |
     anyderm |
          0  |  -.1105116   .0759641    -1.45   0.153    -.2634194    .0423961
          1  |  -.2995296     .07169    -4.18   0.000    -.4438341   -.1552251
------------------------------------------------------------------------------
Note: dy/dx for factor levels is the discrete change from the base level.

. 
. areg melanoma_mortality_rate i.rural_cat##i.anyderm [fw=pop] , vce(cluster state_fips) absorb(state_fips)

Linear regression, absorbing indicators          Number of obs     = 972076140
Absorbed variable: state_fips                    No. of categories =        47
                                                 F(5, 46)          =     12.86
                                                 Prob > F          =    0.0000
                                                 R-squared         =    0.1327
                                                 Adj R-squared     =    0.1327
                                                 Root MSE          =    0.8369

                                 (Std. err. adjusted for 47 clusters in state_fips)
-----------------------------------------------------------------------------------
                  |               Robust
melanoma_mortal~e | Coefficient  std. err.      t    P>|t|     [95% conf. interval]
------------------+----------------------------------------------------------------
        rural_cat |
               2  |   .0472065   .0730639     0.65   0.521    -.0998634    .1942764
               3  |   .5592825   .2039546     2.74   0.009     .1487432    .9698218
                  |
        1.anyderm |  -.3307415   .0648405    -5.10   0.000    -.4612586   -.2002243
                  |
rural_cat#anyderm |
             2 1  |   .2511051   .0894318     2.81   0.007     .0710882     .431122
             3 1  |   .3991468   .4190007     0.95   0.346     -.444258    1.242552
                  |
            _cons |   2.909113   .0580494    50.11   0.000     2.792265     3.02596
-----------------------------------------------------------------------------------

. 
. margins anyderm , dydx(rural_cat)

Conditional marginal effects                         Number of obs = 972076140
Model VCE: Robust

Expression: Linear prediction, predict()
dy/dx wrt:  2.rural_cat 3.rural_cat

------------------------------------------------------------------------------
             |            Delta-method
             |      dy/dx   std. err.      t    P>|t|     [95% conf. interval]
-------------+----------------------------------------------------------------
1.rural_cat  |  (base outcome)
-------------+----------------------------------------------------------------
2.rural_cat  |
     anyderm |
          0  |   .0472065   .0730639     0.65   0.521    -.0998634    .1942764
          1  |   .2983116   .0712955     4.18   0.000     .1548012     .441822
-------------+----------------------------------------------------------------
3.rural_cat  |
     anyderm |
          0  |   .5592825   .2039546     2.74   0.009     .1487432    .9698218
          1  |   .9584293   .3665667     2.61   0.012     .2205689     1.69629
------------------------------------------------------------------------------
Note: dy/dx for factor levels is the discrete change from the base level.

. 
. log close
      name:  <unnamed>
       log:  C:\Users\jsemprini\OneDrive - Des Moines University\6-Student-Research\Su26-Elective\iii-Danielle\2-Derm\results\2-analysis-derm_mort-analysis-rucc3-update.log
  log type:  text
 closed on:  28 Sep 2026, 21:09:45
--------------------------------------------------------------------------------------------------------------------------------------------------------------------------------
