--------------------------------------------------------------------------------------------------------------------------------------------------------------------------------
      name:  <unnamed>
       log:  C:\Users\jsemprini\OneDrive - Des Moines University\6-Student-Research\Su26-Elective\iii-Danielle\2-Derm\results\3-analysis-derm_mortinc-rucc-update.log
  log type:  text
 opened on:  28 Sep 2026, 21:11:57

. 
. reg melanoma_mortality_rate i.rucc

      Source |       SS           df       MS      Number of obs   =     2,308
-------------+----------------------------------   F(8, 2299)      =      4.99
       Model |  80.7610297         8  10.0951287   Prob > F        =    0.0000
    Residual |   4655.6518     2,299   2.0250769   R-squared       =    0.0171
-------------+----------------------------------   Adj R-squared   =    0.0136
       Total |  4736.41283     2,307  2.05306148   Root MSE        =    1.4231

------------------------------------------------------------------------------
melanoma_m~e | Coefficient  Std. err.      t    P>|t|     [95% conf. interval]
-------------+----------------------------------------------------------------
   rucc_2013 |
          2  |     .05953   .1022351     0.58   0.560    -.1409526    .2600126
          3  |   .2427515   .1042064     2.33   0.020     .0384031    .4470998
          4  |   .1036252   .1196215     0.87   0.386    -.1309521    .3382025
          5  |  -.0652418   .1671611    -0.39   0.696    -.3930441    .2625604
          6  |   .4764194   .0944008     5.05   0.000     .2912997    .6615392
          7  |   .2625123   .1106826     2.37   0.018     .0454642    .4795604
          8  |   .1424347   .1696294     0.84   0.401    -.1902079    .4750774
          9  |   .5739824    .181086     3.17   0.002     .2188733    .9290914
             |
       _cons |   2.680184   .0683087    39.24   0.000     2.546231    2.814137
------------------------------------------------------------------------------

. margins rucc

Adjusted predictions                                     Number of obs = 2,308
Model VCE: OLS

Expression: Linear prediction, predict()

------------------------------------------------------------------------------
             |            Delta-method
             |     Margin   std. err.      t    P>|t|     [95% conf. interval]
-------------+----------------------------------------------------------------
   rucc_2013 |
          1  |   2.680184   .0683087    39.24   0.000     2.546231    2.814137
          2  |   2.739714   .0760653    36.02   0.000      2.59055    2.888878
          3  |   2.922936    .078695    37.14   0.000     2.768615    3.077256
          4  |    2.78381   .0981999    28.35   0.000      2.59124    2.976379
          5  |   2.614943   .1525672    17.14   0.000     2.315759    2.914126
          6  |   3.156604   .0651571    48.45   0.000     3.028831    3.284377
          7  |   2.942697   .0870894    33.79   0.000     2.771915    3.113479
          8  |   2.822619   .1552677    18.18   0.000      2.51814    3.127098
          9  |   3.254167   .1677083    19.40   0.000     2.925291    3.583042
------------------------------------------------------------------------------

. 
. reg ageadjustedrate i.rucc

      Source |       SS           df       MS      Number of obs   =     2,308
-------------+----------------------------------   F(8, 2299)      =      5.76
       Model |  4682.84089         8  585.355112   Prob > F        =    0.0000
    Residual |   233506.27     2,299  101.568625   R-squared       =    0.0197
-------------+----------------------------------   Adj R-squared   =    0.0162
       Total |  238189.111     2,307  103.246255   Root MSE        =    10.078

------------------------------------------------------------------------------
ageadjuste~e | Coefficient  Std. err.      t    P>|t|     [95% conf. interval]
-------------+----------------------------------------------------------------
   rucc_2013 |
          2  |  -.9630507    .724034    -1.33   0.184    -2.382879    .4567772
          3  |   -.832931   .7379949    -1.13   0.259    -2.280136    .6142744
          4  |  -2.553717   .8471654    -3.01   0.003    -4.215006    -.892429
          5  |  -3.734702   1.183843    -3.15   0.002    -6.056215    -1.41319
          6  |   -3.42036   .6685516    -5.12   0.000    -4.731387   -2.109333
          7  |  -2.667532   .7838596    -3.40   0.001    -4.204678   -1.130386
          8  |  -1.967051   1.201324    -1.64   0.102    -4.322843    .3887412
          9  |   1.661322    1.28246     1.30   0.195    -.8535777    4.176222
             |
       _cons |   31.99562   .4837655    66.14   0.000     31.04696    32.94428
------------------------------------------------------------------------------

. margins rucc

Adjusted predictions                                     Number of obs = 2,308
Model VCE: OLS

Expression: Linear prediction, predict()

------------------------------------------------------------------------------
             |            Delta-method
             |     Margin   std. err.      t    P>|t|     [95% conf. interval]
-------------+----------------------------------------------------------------
   rucc_2013 |
          1  |   31.99562   .4837655    66.14   0.000     31.04696    32.94428
          2  |   31.03257   .5386985    57.61   0.000     29.97619    32.08896
          3  |   31.16269   .5573216    55.92   0.000     30.06979     32.2556
          4  |    29.4419   .6954568    42.33   0.000     28.07812    30.80569
          5  |   28.26092   1.080489    26.16   0.000     26.14209    30.37975
          6  |   28.57526   .4614457    61.93   0.000     27.67037    29.48016
          7  |   29.32809   .6167713    47.55   0.000      28.1186    30.53758
          8  |   30.02857   1.099614    27.31   0.000     27.87223    32.18491
          9  |   33.65694   1.187719    28.34   0.000     31.32783    35.98606
------------------------------------------------------------------------------

. 
. poisson dermatologists i.rucc

Iteration 0:  Log likelihood = -19431.623  
Iteration 1:  Log likelihood = -17502.616  
Iteration 2:  Log likelihood = -17339.168  
Iteration 3:  Log likelihood =  -17326.76  
Iteration 4:  Log likelihood = -17326.199  
Iteration 5:  Log likelihood = -17326.194  
Iteration 6:  Log likelihood = -17326.194  

Poisson regression                                    Number of obs =    2,308
                                                      LR chi2(8)    = 21974.27
                                                      Prob > chi2   =   0.0000
Log likelihood = -17326.194                           Pseudo R2     =   0.3881

--------------------------------------------------------------------------------
dermatologists | Coefficient  Std. err.      z    P>|z|     [95% conf. interval]
---------------+----------------------------------------------------------------
     rucc_2013 |
            2  |  -1.190702   .0235508   -50.56   0.000     -1.23686   -1.144543
            3  |   -1.94858   .0335634   -58.06   0.000    -2.014363   -1.882797
            4  |  -3.186851   .0746571   -42.69   0.000    -3.333176   -3.040525
            5  |  -2.678856   .0896979   -29.87   0.000     -2.85466   -2.503051
            6  |  -5.105872   .1284626   -39.75   0.000    -5.357654    -4.85409
            7  |  -4.558941   .1306077   -34.91   0.000    -4.814927   -4.302954
            8  |  -6.381434   .5774448   -11.05   0.000    -7.513205   -5.249663
            9  |  -6.632748   .7071837    -9.38   0.000    -8.018802   -5.246693
               |
         _cons |   3.049229   .0104502   291.79   0.000     3.028747    3.069711
--------------------------------------------------------------------------------

. margins rucc

Adjusted predictions                                     Number of obs = 2,308
Model VCE: OIM

Expression: Predicted number of events, predict()

------------------------------------------------------------------------------
             |            Delta-method
             |     Margin   std. err.      z    P>|z|     [95% conf. interval]
-------------+----------------------------------------------------------------
   rucc_2013 |
          1  |   21.09908    .220489    95.69   0.000     20.66693    21.53123
          2  |   6.414286   .1353755    47.38   0.000     6.148955    6.679617
          3  |   3.006116   .0958802    31.35   0.000     2.818194    3.194038
          4  |   .8714286   .0644179    13.53   0.000     .7451719    .9976852
          5  |   1.448276   .1290227    11.22   0.000     1.195396    1.701156
          6  |   .1278826   .0163737     7.81   0.000     .0957908    .1599744
          7  |   .2209738   .0287683     7.68   0.000     .1645889    .2773587
          8  |   .0357143   .0206197     1.73   0.083    -.0046995    .0761281
          9  |   .0277778   .0196419     1.41   0.157    -.0107195    .0662751
------------------------------------------------------------------------------

. 
. poisson dermatology_rate i.rucc
note: noncount dependent variable encountered; if you are fitting an exponential-mean model, consider using robust standard errors.

Iteration 0:  Log likelihood = -5427.6377  
Iteration 1:  Log likelihood = -5420.6358  
Iteration 2:  Log likelihood = -5420.5432  
Iteration 3:  Log likelihood = -5420.5432  

Poisson regression                                     Number of obs =   2,308
                                                       LR chi2(8)    = 1877.40
                                                       Prob > chi2   =  0.0000
Log likelihood = -5420.5432                            Pseudo R2     =  0.1476

----------------------------------------------------------------------------------
dermatology_rate | Coefficient  Std. err.      z    P>|z|     [95% conf. interval]
-----------------+----------------------------------------------------------------
       rucc_2013 |
              2  |  -.2272645   .0459005    -4.95   0.000     -.317228   -.1373011
              3  |   .0804704   .0428183     1.88   0.060    -.0034519    .1643927
              4  |  -.7612892   .0668645   -11.39   0.000    -.8923411   -.6302372
              5  |  -.1408835   .0745482    -1.89   0.059    -.2869953    .0052282
              6  |  -1.902374   .0764822   -24.87   0.000    -2.052277   -1.752472
              7  |  -1.366181   .0779485   -17.53   0.000    -1.518958   -1.213405
              8  |   -3.00965   .2952625   -10.19   0.000    -3.588354   -2.430946
              9  |  -3.205534   .3512451    -9.13   0.000    -3.893962   -2.517106
                 |
           _cons |   1.028112    .028708    35.81   0.000     .9718457    1.084379
----------------------------------------------------------------------------------

. margins rucc

Adjusted predictions                                     Number of obs = 2,308
Model VCE: OIM

Expression: Predicted number of events, predict()

------------------------------------------------------------------------------
             |            Delta-method
             |     Margin   std. err.      z    P>|z|     [95% conf. interval]
-------------+----------------------------------------------------------------
   rucc_2013 |
          1  |   2.795783   .0802614    34.83   0.000     2.638474    2.953093
          2  |   2.227429   .0797752    27.92   0.000     2.071072    2.383785
          3  |   3.030061   .0962613    31.48   0.000     2.841392     3.21873
          4  |    1.30581   .0788552    16.56   0.000     1.151256    1.460363
          5  |   2.428391   .1670705    14.54   0.000     2.100939    2.755843
          6  |   .4171698   .0295731    14.11   0.000     .3592076    .4751321
          7  |   .7131461   .0516813    13.80   0.000     .6118525    .8144396
          8  |   .1378571   .0405112     3.40   0.001     .0584567    .2172576
          9  |   .1133334   .0396746     2.86   0.004     .0355726    .1910942
------------------------------------------------------------------------------

. 
. probit anyderm i.rucc

Iteration 0:  Log likelihood = -1567.3533  
Iteration 1:  Log likelihood = -1236.6674  
Iteration 2:  Log likelihood = -1231.4965  
Iteration 3:  Log likelihood = -1231.4343  
Iteration 4:  Log likelihood = -1231.4342  

Probit regression                                       Number of obs =  2,308
                                                        LR chi2(8)    = 671.84
                                                        Prob > chi2   = 0.0000
Log likelihood = -1231.4342                             Pseudo R2     = 0.2143

------------------------------------------------------------------------------
     anyderm | Coefficient  Std. err.      z    P>|z|     [95% conf. interval]
-------------+----------------------------------------------------------------
   rucc_2013 |
          2  |  -.2412632    .092299    -2.61   0.009     -.422166   -.0603605
          3  |  -.1318315    .094645    -1.39   0.164    -.3173322    .0536693
          4  |  -.5634984   .1069402    -5.27   0.000    -.7730974   -.3538995
          5  |  -.3207126   .1488601    -2.15   0.031    -.6124731   -.0289521
          6  |  -1.722932   .0991723   -17.37   0.000    -1.917306   -1.528558
          7  |    -1.4398   .1105648   -13.02   0.000    -1.656503   -1.223097
          8  |  -2.282589   .2652652    -8.60   0.000      -2.8025   -1.762679
          9  |  -2.394347    .309858    -7.73   0.000    -3.001657   -1.787036
             |
       _cons |   .4798467   .0627469     7.65   0.000     .3568649    .6028285
------------------------------------------------------------------------------

. margins rucc

Adjusted predictions                                     Number of obs = 2,308
Model VCE: OIM

Expression: Pr(anyderm), predict()

------------------------------------------------------------------------------
             |            Delta-method
             |     Margin   std. err.      z    P>|z|     [95% conf. interval]
-------------+----------------------------------------------------------------
   rucc_2013 |
          1  |   .6843318   .0223102    30.67   0.000     .6406046     .728059
          2  |   .5942857   .0262466    22.64   0.000     .5428432    .6457282
          3  |   .6360856   .0266062    23.91   0.000     .5839384    .6882329
          4  |   .4666667   .0344265    13.56   0.000     .3991919    .5341414
          5  |   .5632184   .0531754    10.59   0.000     .4589965    .6674403
          6  |   .1069182   .0141486     7.56   0.000     .0791876    .1346489
          7  |   .1685393   .0229095     7.36   0.000     .1236375    .2134411
          8  |   .0357143   .0202481     1.76   0.078    -.0039712    .0753999
          9  |   .0277782   .0193673     1.43   0.151     -.010181    .0657373
------------------------------------------------------------------------------

. 
. tab rucc anyderm 

           |        anyderm
 RUCC_2013 |         0          1 |     Total
-----------+----------------------+----------
         1 |       137        297 |       434 
         2 |       142        208 |       350 
         3 |       119        208 |       327 
         4 |       112         98 |       210 
         5 |        38         49 |        87 
         6 |       426         51 |       477 
         7 |       222         45 |       267 
         8 |        81          3 |        84 
         9 |        70          2 |        72 
-----------+----------------------+----------
     Total |     1,347        961 |     2,308 

. 
. ***rural categories***
. 
. reg melanoma_mortality_rate i.rural_cat

      Source |       SS           df       MS      Number of obs   =     2,308
-------------+----------------------------------   F(2, 2305)      =      6.64
       Model |  27.1464673         2  13.5732337   Prob > F        =    0.0013
    Residual |  4709.26637     2,305  2.04306567   R-squared       =    0.0057
-------------+----------------------------------   Adj R-squared   =    0.0049
       Total |  4736.41283     2,307  2.05306148   Root MSE        =    1.4294

------------------------------------------------------------------------------
melanoma_m~e | Coefficient  Std. err.      t    P>|t|     [95% conf. interval]
-------------+----------------------------------------------------------------
   rural_cat |
          2  |    .210881   .0616566     3.42   0.001     .0899727    .3317893
          3  |   .2514078    .122211     2.06   0.040     .0117529    .4910628
             |
       _cons |   2.770387   .0428829    64.60   0.000     2.686294     2.85448
------------------------------------------------------------------------------

. margins rural_cat

Adjusted predictions                                     Number of obs = 2,308
Model VCE: OLS

Expression: Linear prediction, predict()

------------------------------------------------------------------------------
             |            Delta-method
             |     Margin   std. err.      t    P>|t|     [95% conf. interval]
-------------+----------------------------------------------------------------
   rural_cat |
          1  |   2.770387   .0428829    64.60   0.000     2.686294     2.85448
          2  |   2.981268   .0443012    67.30   0.000     2.894394    3.068142
          3  |   3.021795   .1144403    26.40   0.000     2.797378    3.246212
------------------------------------------------------------------------------

. 
. reg ageadjustedrate i.rural_cat

      Source |       SS           df       MS      Number of obs   =     2,308
-------------+----------------------------------   F(2, 2305)      =     18.48
       Model |  3759.13094         2  1879.56547   Prob > F        =    0.0000
    Residual |   234429.98     2,305   101.70498   R-squared       =    0.0158
-------------+----------------------------------   Adj R-squared   =    0.0149
       Total |  238189.111     2,307  103.246255   Root MSE        =    10.085

------------------------------------------------------------------------------
ageadjuste~e | Coefficient  Std. err.      t    P>|t|     [95% conf. interval]
-------------+----------------------------------------------------------------
   rural_cat |
          2  |  -2.530168   .4350206    -5.82   0.000    -3.383241   -1.677095
          3  |   .2561304   .8622637     0.30   0.766    -1.434763    1.947024
             |
       _cons |   31.44707   .3025618   103.94   0.000     30.85375     32.0404
------------------------------------------------------------------------------

. margins rural_cat

Adjusted predictions                                     Number of obs = 2,308
Model VCE: OLS

Expression: Linear prediction, predict()

------------------------------------------------------------------------------
             |            Delta-method
             |     Margin   std. err.      t    P>|t|     [95% conf. interval]
-------------+----------------------------------------------------------------
   rural_cat |
          1  |   31.44707   .3025618   103.94   0.000     30.85375     32.0404
          2  |   28.91691   .3125689    92.51   0.000     28.30396    29.52985
          3  |   31.70321   .8074373    39.26   0.000     30.11983    33.28658
------------------------------------------------------------------------------

. 
. poisson dermatologists i.rural_cat

Iteration 0:  Log likelihood = -20963.021  
Iteration 1:  Log likelihood =  -20836.36  
Iteration 2:  Log likelihood = -20826.813  
Iteration 3:  Log likelihood = -20826.584  
Iteration 4:  Log likelihood = -20826.584  

Poisson regression                                    Number of obs =    2,308
                                                      LR chi2(2)    = 14973.49
                                                      Prob > chi2   =   0.0000
Log likelihood = -20826.584                           Pseudo R2     =   0.2644

--------------------------------------------------------------------------------
dermatologists | Coefficient  Std. err.      z    P>|z|     [95% conf. interval]
---------------+----------------------------------------------------------------
     rural_cat |
            2  |  -3.297706   .0491095   -67.15   0.000    -3.393958   -3.201453
            3  |  -5.851644   .4473038   -13.08   0.000    -6.728343   -4.974944
               |
         _cons |   2.411226   .0089857   268.34   0.000     2.393614    2.428837
--------------------------------------------------------------------------------

. margins rural_cat

Adjusted predictions                                     Number of obs = 2,308
Model VCE: OIM

Expression: Predicted number of events, predict()

------------------------------------------------------------------------------
             |            Delta-method
             |     Margin   std. err.      z    P>|z|     [95% conf. interval]
-------------+----------------------------------------------------------------
   rural_cat |
          1  |   11.14761   .1001691   111.29   0.000     10.95129    11.34394
          2  |   .4121038   .0198966    20.71   0.000     .3731073    .4511003
          3  |   .0320513   .0143338     2.24   0.025     .0039576     .060145
------------------------------------------------------------------------------

. 
. poisson dermatology_rate i.rural_cat
note: noncount dependent variable encountered; if you are fitting an exponential-mean model, consider using robust standard errors.

Iteration 0:  Log likelihood = -5624.0887  
Iteration 1:  Log likelihood = -5617.4321  
Iteration 2:  Log likelihood = -5617.4297  
Iteration 3:  Log likelihood = -5617.4297  

Poisson regression                                     Number of obs =   2,308
                                                       LR chi2(2)    = 1483.63
                                                       Prob > chi2   =  0.0000
Log likelihood = -5617.4297                            Pseudo R2     =  0.1167

----------------------------------------------------------------------------------
dermatology_rate | Coefficient  Std. err.      z    P>|z|     [95% conf. interval]
-----------------+----------------------------------------------------------------
       rural_cat |
              2  |  -1.161776   .0384466   -30.22   0.000     -1.23713   -1.086422
              3  |  -3.055146   .2258179   -13.53   0.000    -3.497741   -2.612551
                 |
           _cons |   .9879371   .0183069    53.97   0.000     .9520563    1.023818
----------------------------------------------------------------------------------

. margins rural_cat

Adjusted predictions                                     Number of obs = 2,308
Model VCE: OIM

Expression: Predicted number of events, predict()

------------------------------------------------------------------------------
             |            Delta-method
             |     Margin   std. err.      z    P>|z|     [95% conf. interval]
-------------+----------------------------------------------------------------
   rural_cat |
          1  |   2.685689   .0491667    54.62   0.000     2.589324    2.782053
          2  |   .8404323   .0284136    29.58   0.000     .7847427    .8961219
          3  |   .1265385   .0284806     4.44   0.000     .0707175    .1823594
------------------------------------------------------------------------------

. 
. probit anyderm i.rural_cat

Iteration 0:  Log likelihood = -1567.3533  
Iteration 1:  Log likelihood = -1317.1832  
Iteration 2:  Log likelihood = -1312.6542  
Iteration 3:  Log likelihood = -1312.5994  
Iteration 4:  Log likelihood = -1312.5994  

Probit regression                                       Number of obs =  2,308
                                                        LR chi2(2)    = 509.51
                                                        Prob > chi2   = 0.0000
Log likelihood = -1312.5994                             Pseudo R2     = 0.1625

------------------------------------------------------------------------------
     anyderm | Coefficient  Std. err.      z    P>|z|     [95% conf. interval]
-------------+----------------------------------------------------------------
   rural_cat |
          2  |  -1.090778   .0575962   -18.94   0.000    -1.203664   -.9778914
          3  |  -2.214643   .1999634   -11.08   0.000    -2.606564   -1.822722
             |
       _cons |   .3631784   .0385165     9.43   0.000     .2876875    .4386693
------------------------------------------------------------------------------

. margins rural_cat

Adjusted predictions                                     Number of obs = 2,308
Model VCE: OIM

Expression: Pr(anyderm), predict()

------------------------------------------------------------------------------
             |            Delta-method
             |     Margin   std. err.      z    P>|z|     [95% conf. interval]
-------------+----------------------------------------------------------------
   rural_cat |
          1  |   .6417642   .0143852    44.61   0.000     .6135697    .6699586
          2  |   .2334294   .0131108    17.80   0.000     .2077327     .259126
          3  |   .0320514   .0141022     2.27   0.023     .0044116    .0596912
------------------------------------------------------------------------------

. 
. tab rural_cat anyderm 

           |        anyderm
 rural_cat |         0          1 |     Total
-----------+----------------------+----------
         1 |       398        713 |     1,111 
         2 |       798        243 |     1,041 
         3 |       151          5 |       156 
-----------+----------------------+----------
     Total |     1,347        961 |     2,308 

. 
. ***metro binary***
. 
. reg melanoma_mortality_rate i.metro

      Source |       SS           df       MS      Number of obs   =     2,308
-------------+----------------------------------   F(1, 2306)      =     13.18
       Model |  26.9236406         1  26.9236406   Prob > F        =    0.0003
    Residual |  4709.48919     2,306  2.04227632   R-squared       =    0.0057
-------------+----------------------------------   Adj R-squared   =    0.0053
       Total |  4736.41283     2,307  2.05306148   Root MSE        =    1.4291

------------------------------------------------------------------------------
melanoma_m~e | Coefficient  Std. err.      t    P>|t|     [95% conf. interval]
-------------+----------------------------------------------------------------
     1.metro |  -.2161627   .0595348    -3.63   0.000      -.33291   -.0994153
       _cons |    2.98655   .0413057    72.30   0.000     2.905549     3.06755
------------------------------------------------------------------------------

. margins metro

Adjusted predictions                                     Number of obs = 2,308
Model VCE: OLS

Expression: Linear prediction, predict()

------------------------------------------------------------------------------
             |            Delta-method
             |     Margin   std. err.      t    P>|t|     [95% conf. interval]
-------------+----------------------------------------------------------------
       metro |
          0  |    2.98655   .0413057    72.30   0.000     2.905549     3.06755
          1  |   2.770387   .0428746    64.62   0.000      2.68631    2.854464
------------------------------------------------------------------------------

. 
. reg ageadjustedrate i.metro

      Source |       SS           df       MS      Number of obs   =     2,308
-------------+----------------------------------   F(1, 2306)      =     26.50
       Model |  2705.86903         1  2705.86903   Prob > F        =    0.0000
    Residual |  235483.242     2,306  102.117624   R-squared       =    0.0114
-------------+----------------------------------   Adj R-squared   =    0.0109
       Total |  238189.111     2,307  103.246255   Root MSE        =    10.105

------------------------------------------------------------------------------
ageadjuste~e | Coefficient  Std. err.      t    P>|t|     [95% conf. interval]
-------------+----------------------------------------------------------------
     1.metro |   2.167041   .4209826     5.15   0.000     1.341497    2.992585
       _cons |   29.28003    .292081   100.25   0.000     28.70726     29.8528
------------------------------------------------------------------------------

. margins metro

Adjusted predictions                                     Number of obs = 2,308
Model VCE: OLS

Expression: Linear prediction, predict()

------------------------------------------------------------------------------
             |            Delta-method
             |     Margin   std. err.      t    P>|t|     [95% conf. interval]
-------------+----------------------------------------------------------------
       metro |
          0  |   29.28003    .292081   100.25   0.000     28.70726     29.8528
          1  |   31.44707    .303175   103.73   0.000     30.85255     32.0416
------------------------------------------------------------------------------

. 
. poisson dermatologists i.metro

Iteration 0:  Log likelihood =  -20976.18  
Iteration 1:  Log likelihood = -20869.459  
Iteration 2:  Log likelihood = -20869.388  
Iteration 3:  Log likelihood = -20869.388  

Poisson regression                                    Number of obs =    2,308
                                                      LR chi2(1)    = 14887.89
                                                      Prob > chi2   =   0.0000
Log likelihood = -20869.388                           Pseudo R2     =   0.2629

--------------------------------------------------------------------------------
dermatologists | Coefficient  Std. err.      z    P>|z|     [95% conf. interval]
---------------+----------------------------------------------------------------
       1.metro |   3.425755   .0488353    70.15   0.000     3.330039     3.52147
         _cons |  -1.014529   .0480015   -21.14   0.000     -1.10861   -.9204479
--------------------------------------------------------------------------------

. margins metro

Adjusted predictions                                     Number of obs = 2,308
Model VCE: OIM

Expression: Predicted number of events, predict()

------------------------------------------------------------------------------
             |            Delta-method
             |     Margin   std. err.      z    P>|z|     [95% conf. interval]
-------------+----------------------------------------------------------------
       metro |
          0  |   .3625731   .0174041    20.83   0.000     .3284618    .3966844
          1  |   11.14761   .1001691   111.29   0.000     10.95129    11.34394
------------------------------------------------------------------------------

. 
. poisson dermatology_rate i.metro
note: noncount dependent variable encountered; if you are fitting an exponential-mean model, consider using robust standard errors.

Iteration 0:  Log likelihood = -5685.0256  
Iteration 1:  Log likelihood = -5685.0167  
Iteration 2:  Log likelihood = -5685.0167  

Poisson regression                                     Number of obs =   2,308
                                                       LR chi2(1)    = 1348.46
                                                       Prob > chi2   =  0.0000
Log likelihood = -5685.0167                            Pseudo R2     =  0.1060

----------------------------------------------------------------------------------
dermatology_rate | Coefficient  Std. err.      z    P>|z|     [95% conf. interval]
-----------------+----------------------------------------------------------------
         1.metro |   1.279101   .0381172    33.56   0.000     1.204392    1.353809
           _cons |  -.2911635   .0334332    -8.71   0.000    -.3566914   -.2256356
----------------------------------------------------------------------------------

. margins metro

Adjusted predictions                                     Number of obs = 2,308
Model VCE: OIM

Expression: Predicted number of events, predict()

------------------------------------------------------------------------------
             |            Delta-method
             |     Margin   std. err.      z    P>|z|     [95% conf. interval]
-------------+----------------------------------------------------------------
       metro |
          0  |   .7473935   .0249878    29.91   0.000     .6984183    .7963686
          1  |   2.685689   .0491667    54.62   0.000     2.589324    2.782053
------------------------------------------------------------------------------

. 
. probit anyderm i.metro

Iteration 0:  Log likelihood = -1567.3533  
Iteration 1:  Log likelihood = -1336.4092  
Iteration 2:  Log likelihood = -1335.5249  
Iteration 3:  Log likelihood = -1335.5248  

Probit regression                                       Number of obs =  2,308
                                                        LR chi2(1)    = 463.66
                                                        Prob > chi2   = 0.0000
Log likelihood = -1335.5248                             Pseudo R2     = 0.1479

------------------------------------------------------------------------------
     anyderm | Coefficient  Std. err.      z    P>|z|     [95% conf. interval]
-------------+----------------------------------------------------------------
     1.metro |   1.179407    .056233    20.97   0.000     1.069193    1.289622
       _cons |  -.8162288   .0409711   -19.92   0.000    -.8965307   -.7359269
------------------------------------------------------------------------------

. margins metro

Adjusted predictions                                     Number of obs = 2,308
Model VCE: OIM

Expression: Pr(anyderm), predict()

------------------------------------------------------------------------------
             |            Delta-method
             |     Margin   std. err.      z    P>|z|     [95% conf. interval]
-------------+----------------------------------------------------------------
       metro |
          0  |   .2071846   .0117143    17.69   0.000      .184225    .2301443
          1  |   .6417642   .0143852    44.61   0.000     .6135697    .6699586
------------------------------------------------------------------------------

. 
. tab metro anyderm 

           |        anyderm
     metro |         0          1 |     Total
-----------+----------------------+----------
         0 |       949        248 |     1,197 
         1 |       398        713 |     1,111 
-----------+----------------------+----------
     Total |     1,347        961 |     2,308 

. 
. log close
      name:  <unnamed>
       log:  C:\Users\jsemprini\OneDrive - Des Moines University\6-Student-Research\Su26-Elective\iii-Danielle\2-Derm\results\3-analysis-derm_mortinc-rucc-update.log
  log type:  text
 closed on:  28 Sep 2026, 21:12:00
--------------------------------------------------------------------------------------------------------------------------------------------------------------------------------
