--------------------------------------------------------------------------------------------------------------------------------------------------------------------------------
      name:  <unnamed>
       log:  C:\Users\jsemprini\OneDrive - Des Moines University\6-Student-Research\Su26-Elective\iii-Danielle\2-Derm\results\3-analysis-derm_mortinc-analysis-rucc1-update.log
  log type:  text
 opened on:  28 Sep 2026, 21:12:00

. 
. ***test rural disparity****
. 
. foreach y in melanoma_mortality_rate ageadjustedrate{
  2. foreach x in rucc_2013 rural_cat metro{
  3.         areg `y' i.`x' [fw=pop] , vce(cluster state_fips) absorb(state_fips)
  4. 
.         margins `x'
  5.                 margins , dydx(`x')
  6. }
  7. 
. }

Linear regression, absorbing indicators          Number of obs     = 977870435
Absorbed variable: state_fips                    No. of categories =        47
                                                 F(8, 46)          =     10.41
                                                 Prob > F          =    0.0000
                                                 R-squared         =    0.1509
                                                 Adj R-squared     =    0.1509
                                                 Root MSE          =    0.7656

                            (Std. err. adjusted for 47 clusters in state_fips)
------------------------------------------------------------------------------
             |               Robust
melanoma_m~e | Coefficient  std. err.      t    P>|t|     [95% conf. interval]
-------------+----------------------------------------------------------------
   rucc_2013 |
          2  |   .2043955   .0542447     3.77   0.000     .0952066    .3135845
          3  |   .3231688   .0528048     6.12   0.000     .2168783    .4294594
          4  |   .3103341   .0763331     4.07   0.000     .1566835    .4639847
          5  |   .1750631    .089028     1.97   0.055    -.0041409    .3542672
          6  |   .6114745   .1062894     5.75   0.000     .3975251    .8254239
          7  |    .478827   .1041179     4.60   0.000     .2692485    .6884055
          8  |   .3461741    .218123     1.59   0.119    -.0928847     .785233
          9  |   .7172998   .2505638     2.86   0.006      .212941    1.221659
             |
       _cons |   2.495604    .020329   122.76   0.000     2.454683    2.536524
------------------------------------------------------------------------------

Adjusted predictions                                 Number of obs = 977870435
Model VCE: Robust

Expression: Linear prediction, predict()

------------------------------------------------------------------------------
             |            Delta-method
             |     Margin   std. err.      t    P>|t|     [95% conf. interval]
-------------+----------------------------------------------------------------
   rucc_2013 |
          1  |   2.495604    .020329   122.76   0.000     2.454683    2.536524
          2  |   2.699999   .0397233    67.97   0.000      2.62004    2.779958
          3  |   2.818773   .0433733    64.99   0.000     2.731467    2.906078
          4  |   2.805938   .0704631    39.82   0.000     2.664103    2.947773
          5  |   2.670667   .0821167    32.52   0.000     2.505374    2.835959
          6  |   3.107078   .0982702    31.62   0.000      2.90927    3.304886
          7  |   2.974431   .0970351    30.65   0.000     2.779109    3.169752
          8  |   2.841778   .2178362    13.05   0.000     2.403296    3.280259
          9  |   3.212904   .2438207    13.18   0.000     2.722118    3.703689
------------------------------------------------------------------------------

Conditional marginal effects                         Number of obs = 977870435
Model VCE: Robust

Expression: Linear prediction, predict()
dy/dx wrt:  2.rucc_2013 3.rucc_2013 4.rucc_2013 5.rucc_2013 6.rucc_2013 7.rucc_2013 8.rucc_2013 9.rucc_2013

------------------------------------------------------------------------------
             |            Delta-method
             |      dy/dx   std. err.      t    P>|t|     [95% conf. interval]
-------------+----------------------------------------------------------------
   rucc_2013 |
          2  |   .2043955   .0542447     3.77   0.000     .0952066    .3135845
          3  |   .3231688   .0528048     6.12   0.000     .2168783    .4294594
          4  |   .3103341   .0763331     4.07   0.000     .1566835    .4639847
          5  |   .1750631    .089028     1.97   0.055    -.0041409    .3542672
          6  |   .6114745   .1062894     5.75   0.000     .3975251    .8254239
          7  |    .478827   .1041179     4.60   0.000     .2692485    .6884055
          8  |   .3461741    .218123     1.59   0.119    -.0928847     .785233
          9  |   .7172998   .2505638     2.86   0.006      .212941    1.221659
------------------------------------------------------------------------------
Note: dy/dx for factor levels is the discrete change from the base level.

Linear regression, absorbing indicators          Number of obs     = 977870435
Absorbed variable: state_fips                    No. of categories =        47
                                                 F(2, 46)          =     11.65
                                                 Prob > F          =    0.0001
                                                 R-squared         =    0.1287
                                                 Adj R-squared     =    0.1287
                                                 Root MSE          =    0.7756

                            (Std. err. adjusted for 47 clusters in state_fips)
------------------------------------------------------------------------------
             |               Robust
melanoma_m~e | Coefficient  std. err.      t    P>|t|     [95% conf. interval]
-------------+----------------------------------------------------------------
   rural_cat |
          2  |   .3114847    .065245     4.77   0.000     .1801533     .442816
          3  |   .3771217   .2046806     1.84   0.072    -.0348789    .7891224
             |
       _cons |   2.597506   .0112917   230.04   0.000     2.574777    2.620235
------------------------------------------------------------------------------

Adjusted predictions                                 Number of obs = 977870435
Model VCE: Robust

Expression: Linear prediction, predict()

------------------------------------------------------------------------------
             |            Delta-method
             |     Margin   std. err.      t    P>|t|     [95% conf. interval]
-------------+----------------------------------------------------------------
   rural_cat |
          1  |   2.597506   .0112917   230.04   0.000     2.574777    2.620235
          2  |   2.908991   .0541246    53.75   0.000     2.800043    3.017938
          3  |   2.974628    .197608    15.05   0.000     2.576864    3.372392
------------------------------------------------------------------------------

Conditional marginal effects                         Number of obs = 977870435
Model VCE: Robust

Expression: Linear prediction, predict()
dy/dx wrt:  2.rural_cat 3.rural_cat

------------------------------------------------------------------------------
             |            Delta-method
             |      dy/dx   std. err.      t    P>|t|     [95% conf. interval]
-------------+----------------------------------------------------------------
   rural_cat |
          2  |   .3114847    .065245     4.77   0.000     .1801533     .442816
          3  |   .3771217   .2046806     1.84   0.072    -.0348789    .7891224
------------------------------------------------------------------------------
Note: dy/dx for factor levels is the discrete change from the base level.

Linear regression, absorbing indicators          Number of obs     = 977870435
Absorbed variable: state_fips                    No. of categories =        47
                                                 F(1, 46)          =     21.24
                                                 Prob > F          =    0.0000
                                                 R-squared         =    0.1286
                                                 Adj R-squared     =    0.1286
                                                 Root MSE          =    0.7756

                            (Std. err. adjusted for 47 clusters in state_fips)
------------------------------------------------------------------------------
             |               Robust
melanoma_m~e | Coefficient  std. err.      t    P>|t|     [95% conf. interval]
-------------+----------------------------------------------------------------
     1.metro |  -.3153465   .0684254    -4.61   0.000    -.4530796   -.1776133
       _cons |   2.912884   .0571581    50.96   0.000     2.797831    3.027937
------------------------------------------------------------------------------

Adjusted predictions                                 Number of obs = 977870435
Model VCE: Robust

Expression: Linear prediction, predict()

------------------------------------------------------------------------------
             |            Delta-method
             |     Margin   std. err.      t    P>|t|     [95% conf. interval]
-------------+----------------------------------------------------------------
       metro |
          0  |   2.912884   .0571581    50.96   0.000     2.797831    3.027937
          1  |   2.597537   .0112673   230.54   0.000     2.574857    2.620217
------------------------------------------------------------------------------

Conditional marginal effects                         Number of obs = 977870435
Model VCE: Robust

Expression: Linear prediction, predict()
dy/dx wrt:  1.metro

------------------------------------------------------------------------------
             |            Delta-method
             |      dy/dx   std. err.      t    P>|t|     [95% conf. interval]
-------------+----------------------------------------------------------------
     1.metro |  -.3153465   .0684254    -4.61   0.000    -.4530796   -.1776133
------------------------------------------------------------------------------
Note: dy/dx for factor levels is the discrete change from the base level.

Linear regression, absorbing indicators          Number of obs     = 977870435
Absorbed variable: state_fips                    No. of categories =        47
                                                 F(8, 46)          =      7.81
                                                 Prob > F          =    0.0000
                                                 R-squared         =    0.4688
                                                 Adj R-squared     =    0.4688
                                                 Root MSE          =    7.3196

                            (Std. err. adjusted for 47 clusters in state_fips)
------------------------------------------------------------------------------
             |               Robust
ageadjuste~e | Coefficient  std. err.      t    P>|t|     [95% conf. interval]
-------------+----------------------------------------------------------------
   rucc_2013 |
          2  |  -.6217725   1.074566    -0.58   0.566    -2.784762    1.541217
          3  |  -1.791818     1.1649    -1.54   0.131     -4.13664    .5530041
          4  |  -2.939626   .9568302    -3.07   0.004    -4.865625   -1.013626
          5  |  -3.428452   1.533961    -2.24   0.030    -6.516155   -.3407482
          6  |   -4.49579   .8227539    -5.46   0.000    -6.151908   -2.839672
          7  |  -4.804733   1.088375    -4.41   0.000    -6.995519   -2.613948
          8  |  -4.808227   2.053127    -2.34   0.024    -8.940957   -.6754974
          9  |  -2.716358   1.895348    -1.43   0.159    -6.531496    1.098779
             |
       _cons |   32.64469   .4407969    74.06   0.000     31.75742    33.53197
------------------------------------------------------------------------------

Adjusted predictions                                 Number of obs = 977870435
Model VCE: Robust

Expression: Linear prediction, predict()

------------------------------------------------------------------------------
             |            Delta-method
             |     Margin   std. err.      t    P>|t|     [95% conf. interval]
-------------+----------------------------------------------------------------
   rucc_2013 |
          1  |   32.64469   .4407969    74.06   0.000     31.75742    33.53197
          2  |   32.02292   .7212399    44.40   0.000     30.57114     33.4747
          3  |   30.85288   .8362391    36.89   0.000     29.16961    32.53614
          4  |   29.70507    .613673    48.41   0.000     28.46981    30.94033
          5  |   29.21624   1.378818    21.19   0.000     26.44083    31.99166
          6  |    28.1489   .5691238    49.46   0.000     27.00332    29.29449
          7  |   27.83996   .8509397    32.72   0.000     26.12711    29.55281
          8  |   27.83647   1.821535    15.28   0.000     24.16991    31.50303
          9  |   29.92834   1.824442    16.40   0.000     26.25592    33.60075
------------------------------------------------------------------------------

Conditional marginal effects                         Number of obs = 977870435
Model VCE: Robust

Expression: Linear prediction, predict()
dy/dx wrt:  2.rucc_2013 3.rucc_2013 4.rucc_2013 5.rucc_2013 6.rucc_2013 7.rucc_2013 8.rucc_2013 9.rucc_2013

------------------------------------------------------------------------------
             |            Delta-method
             |      dy/dx   std. err.      t    P>|t|     [95% conf. interval]
-------------+----------------------------------------------------------------
   rucc_2013 |
          2  |  -.6217725   1.074566    -0.58   0.566    -2.784762    1.541217
          3  |  -1.791818     1.1649    -1.54   0.131     -4.13664    .5530041
          4  |  -2.939626   .9568302    -3.07   0.004    -4.865625   -1.013626
          5  |  -3.428452   1.533961    -2.24   0.030    -6.516155   -.3407482
          6  |   -4.49579   .8227539    -5.46   0.000    -6.151908   -2.839672
          7  |  -4.804733   1.088375    -4.41   0.000    -6.995519   -2.613948
          8  |  -4.808227   2.053127    -2.34   0.024    -8.940957   -.6754974
          9  |  -2.716358   1.895348    -1.43   0.159    -6.531496    1.098779
------------------------------------------------------------------------------
Note: dy/dx for factor levels is the discrete change from the base level.

Linear regression, absorbing indicators          Number of obs     = 977870435
Absorbed variable: state_fips                    No. of categories =        47
                                                 F(2, 46)          =     18.21
                                                 Prob > F          =    0.0000
                                                 R-squared         =    0.4651
                                                 Adj R-squared     =    0.4651
                                                 Root MSE          =    7.3449

                            (Std. err. adjusted for 47 clusters in state_fips)
------------------------------------------------------------------------------
             |               Robust
ageadjuste~e | Coefficient  std. err.      t    P>|t|     [95% conf. interval]
-------------+----------------------------------------------------------------
   rural_cat |
          2  |  -3.347237   .5550259    -6.03   0.000    -4.464446   -2.230027
          3  |  -3.285947   1.437377    -2.29   0.027    -6.179236   -.3926577
             |
       _cons |   32.21654   .0927548   347.33   0.000     32.02984    32.40325
------------------------------------------------------------------------------

Adjusted predictions                                 Number of obs = 977870435
Model VCE: Robust

Expression: Linear prediction, predict()

------------------------------------------------------------------------------
             |            Delta-method
             |     Margin   std. err.      t    P>|t|     [95% conf. interval]
-------------+----------------------------------------------------------------
   rural_cat |
          1  |   32.21654   .0927548   347.33   0.000     32.02984    32.40325
          2  |   28.86931   .4634207    62.30   0.000     27.93649    29.80212
          3  |    28.9306   1.389487    20.82   0.000      26.1337    31.72749
------------------------------------------------------------------------------

Conditional marginal effects                         Number of obs = 977870435
Model VCE: Robust

Expression: Linear prediction, predict()
dy/dx wrt:  2.rural_cat 3.rural_cat

------------------------------------------------------------------------------
             |            Delta-method
             |      dy/dx   std. err.      t    P>|t|     [95% conf. interval]
-------------+----------------------------------------------------------------
   rural_cat |
          2  |  -3.347237   .5550259    -6.03   0.000    -4.464446   -2.230027
          3  |  -3.285947   1.437377    -2.29   0.027    -6.179236   -.3926577
------------------------------------------------------------------------------
Note: dy/dx for factor levels is the discrete change from the base level.

Linear regression, absorbing indicators          Number of obs     = 977870435
Absorbed variable: state_fips                    No. of categories =        47
                                                 F(1, 46)          =     35.33
                                                 Prob > F          =    0.0000
                                                 R-squared         =    0.4651
                                                 Adj R-squared     =    0.4651
                                                 Root MSE          =    7.3449

                            (Std. err. adjusted for 47 clusters in state_fips)
------------------------------------------------------------------------------
             |               Robust
ageadjuste~e | Coefficient  std. err.      t    P>|t|     [95% conf. interval]
-------------+----------------------------------------------------------------
     1.metro |   3.343631   .5624921     5.94   0.000     2.211393    4.475869
       _cons |   28.87294    .469869    61.45   0.000     27.92714    29.81874
------------------------------------------------------------------------------

Adjusted predictions                                 Number of obs = 977870435
Model VCE: Robust

Expression: Linear prediction, predict()

------------------------------------------------------------------------------
             |            Delta-method
             |     Margin   std. err.      t    P>|t|     [95% conf. interval]
-------------+----------------------------------------------------------------
       metro |
          0  |   28.87294    .469869    61.45   0.000     27.92714    29.81874
          1  |   32.21657   .0926231   347.82   0.000     32.03013    32.40301
------------------------------------------------------------------------------

Conditional marginal effects                         Number of obs = 977870435
Model VCE: Robust

Expression: Linear prediction, predict()
dy/dx wrt:  1.metro

------------------------------------------------------------------------------
             |            Delta-method
             |      dy/dx   std. err.      t    P>|t|     [95% conf. interval]
-------------+----------------------------------------------------------------
     1.metro |   3.343631   .5624921     5.94   0.000     2.211393    4.475869
------------------------------------------------------------------------------
Note: dy/dx for factor levels is the discrete change from the base level.

. 
. foreach y in melanoma_mortality_rate {
  2. foreach x in rucc_2013 rural_cat metro{
  3.         areg `y' i.`x' c.ageadjustedrate [fw=pop] , vce(cluster state_fips) absorb(state_fips)
  4. 
.         margins `x'
  5.                 margins , dydx(`x')
  6. }
  7. }

Linear regression, absorbing indicators          Number of obs     = 977870435
Absorbed variable: state_fips                    No. of categories =        47
                                                 F(9, 46)          =     11.28
                                                 Prob > F          =    0.0000
                                                 R-squared         =    0.1603
                                                 Adj R-squared     =    0.1603
                                                 Root MSE          =    0.7614

                               (Std. err. adjusted for 47 clusters in state_fips)
---------------------------------------------------------------------------------
                |               Robust
melanoma_mort~e | Coefficient  std. err.      t    P>|t|     [95% conf. interval]
----------------+----------------------------------------------------------------
      rucc_2013 |
             2  |   .2112248   .0599473     3.52   0.001     .0905572    .3318924
             3  |   .3428494   .0551807     6.21   0.000     .2317764    .4539224
             4  |   .3426218   .0807035     4.25   0.000      .180174    .5050695
             5  |   .2127198   .0877824     2.42   0.019     .0360229    .3894167
             6  |   .6608544   .1040869     6.35   0.000     .4513383    .8703705
             7  |   .5316002   .1054011     5.04   0.000     .3194387    .7437617
             8  |   .3989857   .2204638     1.81   0.077    -.0447848    .8427562
             9  |   .7471352   .2358235     3.17   0.003     .2724472    1.221823
                |
ageadjustedrate |   .0109836   .0036117     3.04   0.004     .0037137    .0182535
          _cons |   2.137048    .120078    17.80   0.000     1.895344    2.378752
---------------------------------------------------------------------------------

Predictive margins                                   Number of obs = 977870435
Model VCE: Robust

Expression: Linear prediction, predict()

------------------------------------------------------------------------------
             |            Delta-method
             |     Margin   std. err.      t    P>|t|     [95% conf. interval]
-------------+----------------------------------------------------------------
   rucc_2013 |
          1  |   2.484854   .0226696   109.61   0.000     2.439222    2.530486
          2  |   2.696079    .042962    62.75   0.000     2.609601    2.782557
          3  |   2.827703   .0442899    63.85   0.000     2.738552    2.916854
          4  |   2.827476   .0727951    38.84   0.000     2.680947    2.974005
          5  |   2.697574   .0784202    34.40   0.000     2.539722    2.855426
          6  |   3.145708   .0945527    33.27   0.000     2.955384    3.336033
          7  |   3.016454   .0973431    30.99   0.000     2.820513    3.212396
          8  |    2.88384   .2198681    13.12   0.000     2.441268    3.326411
          9  |   3.231989   .2290819    14.11   0.000     2.770871    3.693107
------------------------------------------------------------------------------

Average marginal effects                             Number of obs = 977870435
Model VCE: Robust

Expression: Linear prediction, predict()
dy/dx wrt:  2.rucc_2013 3.rucc_2013 4.rucc_2013 5.rucc_2013 6.rucc_2013 7.rucc_2013 8.rucc_2013 9.rucc_2013

------------------------------------------------------------------------------
             |            Delta-method
             |      dy/dx   std. err.      t    P>|t|     [95% conf. interval]
-------------+----------------------------------------------------------------
   rucc_2013 |
          2  |   .2112248   .0599473     3.52   0.001     .0905572    .3318924
          3  |   .3428494   .0551807     6.21   0.000     .2317764    .4539224
          4  |   .3426218   .0807035     4.25   0.000      .180174    .5050695
          5  |   .2127198   .0877824     2.42   0.019     .0360229    .3894167
          6  |   .6608544   .1040869     6.35   0.000     .4513383    .8703705
          7  |   .5316002   .1054011     5.04   0.000     .3194387    .7437617
          8  |   .3989857   .2204638     1.81   0.077    -.0447848    .8427562
          9  |   .7471352   .2358235     3.17   0.003     .2724472    1.221823
------------------------------------------------------------------------------
Note: dy/dx for factor levels is the discrete change from the base level.

Linear regression, absorbing indicators          Number of obs     = 977870435
Absorbed variable: state_fips                    No. of categories =        47
                                                 F(3, 46)          =     15.07
                                                 Prob > F          =    0.0000
                                                 R-squared         =    0.1360
                                                 Adj R-squared     =    0.1360
                                                 Root MSE          =    0.7723

                               (Std. err. adjusted for 47 clusters in state_fips)
---------------------------------------------------------------------------------
                |               Robust
melanoma_mort~e | Coefficient  std. err.      t    P>|t|     [95% conf. interval]
----------------+----------------------------------------------------------------
      rural_cat |
             2  |   .3439499   .0639007     5.38   0.000     .2153244    .4725754
             3  |   .4089925   .1980751     2.06   0.045      .010288     .807697
                |
ageadjustedrate |   .0096991    .003724     2.60   0.012     .0022031    .0171951
          _cons |   2.285034   .1154091    19.80   0.000     2.052728    2.517341
---------------------------------------------------------------------------------

Predictive margins                                   Number of obs = 977870435
Model VCE: Robust

Expression: Linear prediction, predict()

------------------------------------------------------------------------------
             |            Delta-method
             |     Margin   std. err.      t    P>|t|     [95% conf. interval]
-------------+----------------------------------------------------------------
   rural_cat |
          1  |   2.592166   .0109943   235.77   0.000     2.570036    2.614297
          2  |   2.936116   .0530771    55.32   0.000     2.829277    3.042955
          3  |   3.001159   .1914503    15.68   0.000     2.615789    3.386528
------------------------------------------------------------------------------

Average marginal effects                             Number of obs = 977870435
Model VCE: Robust

Expression: Linear prediction, predict()
dy/dx wrt:  2.rural_cat 3.rural_cat

------------------------------------------------------------------------------
             |            Delta-method
             |      dy/dx   std. err.      t    P>|t|     [95% conf. interval]
-------------+----------------------------------------------------------------
   rural_cat |
          2  |   .3439499   .0639007     5.38   0.000     .2153244    .4725754
          3  |   .4089925   .1980751     2.06   0.045      .010288     .807697
------------------------------------------------------------------------------
Note: dy/dx for factor levels is the discrete change from the base level.

Linear regression, absorbing indicators          Number of obs     = 977870435
Absorbed variable: state_fips                    No. of categories =        47
                                                 F(2, 46)          =     22.35
                                                 Prob > F          =    0.0000
                                                 R-squared         =    0.1360
                                                 Adj R-squared     =    0.1360
                                                 Root MSE          =    0.7724

                               (Std. err. adjusted for 47 clusters in state_fips)
---------------------------------------------------------------------------------
                |               Robust
melanoma_mort~e | Coefficient  std. err.      t    P>|t|     [95% conf. interval]
----------------+----------------------------------------------------------------
        1.metro |   -.347779   .0666422    -5.22   0.000    -.4819228   -.2136353
ageadjustedrate |   .0096998    .003728     2.60   0.012     .0021956     .017204
          _cons |   2.632822   .1435635    18.34   0.000     2.343843      2.9218
---------------------------------------------------------------------------------

Predictive margins                                   Number of obs = 977870435
Model VCE: Robust

Expression: Linear prediction, predict()

------------------------------------------------------------------------------
             |            Delta-method
             |     Margin   std. err.      t    P>|t|     [95% conf. interval]
-------------+----------------------------------------------------------------
       metro |
          0  |   2.939976   .0556685    52.81   0.000     2.827921    3.052031
          1  |   2.592197   .0109737   236.22   0.000     2.570108    2.614286
------------------------------------------------------------------------------

Average marginal effects                             Number of obs = 977870435
Model VCE: Robust

Expression: Linear prediction, predict()
dy/dx wrt:  1.metro

------------------------------------------------------------------------------
             |            Delta-method
             |      dy/dx   std. err.      t    P>|t|     [95% conf. interval]
-------------+----------------------------------------------------------------
     1.metro |   -.347779   .0666422    -5.22   0.000    -.4819228   -.2136353
------------------------------------------------------------------------------
Note: dy/dx for factor levels is the discrete change from the base level.

. 
. 
. log close
      name:  <unnamed>
       log:  C:\Users\jsemprini\OneDrive - Des Moines University\6-Student-Research\Su26-Elective\iii-Danielle\2-Derm\results\3-analysis-derm_mortinc-analysis-rucc1-update.log
  log type:  text
 closed on:  28 Sep 2026, 21:12:01
--------------------------------------------------------------------------------------------------------------------------------------------------------------------------------
