--------------------------------------------------------------------------------------------------------------------------------------------------------------------------------
      name:  <unnamed>
       log:  C:\Users\jsemprini\OneDrive - Des Moines University\6-Student-Research\Su26-Elective\iii-Danielle\2-Derm\results\4-analysis-derm_mortinc-analysis-rucc1-MIR-update.
> log
  log type:  text
 opened on:  28 Sep 2026, 21:27:41

. 
. ***test rural disparity****
. 
. foreach y in mir{
  2. foreach x in rucc_2013 rural_cat metro{
  3.         areg `y' i.`x' [fw=pop] , vce(cluster state_fips) absorb(state_fips)
  4. 
.         margins `x'
  5.                 margins , dydx(`x')
  6. }
  7. 
. }

Linear regression, absorbing indicators          Number of obs     = 977870435
Absorbed variable: state_fips                    No. of categories =        47
                                                 F(8, 46)          =     14.88
                                                 Prob > F          =    0.0000
                                                 R-squared         =    0.2584
                                                 Adj R-squared     =    0.2584
                                                 Root MSE          =    0.0350

                            (Std. err. adjusted for 47 clusters in state_fips)
------------------------------------------------------------------------------
             |               Robust
         mir | Coefficient  std. err.      t    P>|t|     [95% conf. interval]
-------------+----------------------------------------------------------------
   rucc_2013 |
          2  |   .0113887   .0049668     2.29   0.026      .001391    .0213863
          3  |   .0192304   .0040589     4.74   0.000     .0110603    .0274004
          4  |   .0196867   .0050702     3.88   0.000     .0094809    .0298924
          5  |   .0185386   .0060967     3.04   0.004     .0062667    .0308106
          6  |   .0384718   .0052052     7.39   0.000     .0279944    .0489493
          7  |    .036351   .0055849     6.51   0.000     .0251093    .0475927
          8  |   .0247887    .011471     2.16   0.036     .0016987    .0478787
          9  |   .0339318   .0074111     4.58   0.000     .0190141    .0488495
             |
       _cons |   .0819096   .0020384    40.18   0.000     .0778064    .0860128
------------------------------------------------------------------------------

Adjusted predictions                                 Number of obs = 977870435
Model VCE: Robust

Expression: Linear prediction, predict()

------------------------------------------------------------------------------
             |            Delta-method
             |     Margin   std. err.      t    P>|t|     [95% conf. interval]
-------------+----------------------------------------------------------------
   rucc_2013 |
          1  |   .0819096   .0020384    40.18   0.000     .0778064    .0860128
          2  |   .0932983   .0031686    29.44   0.000     .0869201    .0996764
          3  |   .1011399   .0025198    40.14   0.000     .0960678    .1062121
          4  |   .1015962   .0036261    28.02   0.000     .0942973    .1088951
          5  |   .1004482   .0048849    20.56   0.000     .0906154    .1102811
          6  |   .1203814   .0041429    29.06   0.000     .1120423    .1287206
          7  |   .1182606   .0047191    25.06   0.000     .1087615    .1277597
          8  |   .1066983    .010821     9.86   0.000     .0849167    .1284799
          9  |   .1158414   .0069532    16.66   0.000     .1018453    .1298375
------------------------------------------------------------------------------

Conditional marginal effects                         Number of obs = 977870435
Model VCE: Robust

Expression: Linear prediction, predict()
dy/dx wrt:  2.rucc_2013 3.rucc_2013 4.rucc_2013 5.rucc_2013 6.rucc_2013 7.rucc_2013 8.rucc_2013 9.rucc_2013

------------------------------------------------------------------------------
             |            Delta-method
             |      dy/dx   std. err.      t    P>|t|     [95% conf. interval]
-------------+----------------------------------------------------------------
   rucc_2013 |
          2  |   .0113887   .0049668     2.29   0.026      .001391    .0213863
          3  |   .0192304   .0040589     4.74   0.000     .0110603    .0274004
          4  |   .0196867   .0050702     3.88   0.000     .0094809    .0298924
          5  |   .0185386   .0060967     3.04   0.004     .0062667    .0308106
          6  |   .0384718   .0052052     7.39   0.000     .0279944    .0489493
          7  |    .036351   .0055849     6.51   0.000     .0251093    .0475927
          8  |   .0247887    .011471     2.16   0.036     .0016987    .0478787
          9  |   .0339318   .0074111     4.58   0.000     .0190141    .0488495
------------------------------------------------------------------------------
Note: dy/dx for factor levels is the discrete change from the base level.

Linear regression, absorbing indicators          Number of obs     = 977870435
Absorbed variable: state_fips                    No. of categories =        47
                                                 F(2, 46)          =     24.52
                                                 Prob > F          =    0.0000
                                                 R-squared         =    0.2276
                                                 Adj R-squared     =    0.2276
                                                 Root MSE          =    0.0357

                            (Std. err. adjusted for 47 clusters in state_fips)
------------------------------------------------------------------------------
             |               Robust
         mir | Coefficient  std. err.      t    P>|t|     [95% conf. interval]
-------------+----------------------------------------------------------------
   rural_cat |
          2  |   .0221434   .0031627     7.00   0.000     .0157771    .0285096
          3  |   .0210095   .0073601     2.85   0.006     .0061944    .0358247
             |
       _cons |   .0877805   .0005246   167.32   0.000     .0867245    .0888365
------------------------------------------------------------------------------

Adjusted predictions                                 Number of obs = 977870435
Model VCE: Robust

Expression: Linear prediction, predict()

------------------------------------------------------------------------------
             |            Delta-method
             |     Margin   std. err.      t    P>|t|     [95% conf. interval]
-------------+----------------------------------------------------------------
   rural_cat |
          1  |   .0877805   .0005246   167.32   0.000     .0867245    .0888365
          2  |   .1099239   .0026434    41.58   0.000      .104603    .1152447
          3  |     .10879   .0070929    15.34   0.000     .0945127    .1230674
------------------------------------------------------------------------------

Conditional marginal effects                         Number of obs = 977870435
Model VCE: Robust

Expression: Linear prediction, predict()
dy/dx wrt:  2.rural_cat 3.rural_cat

------------------------------------------------------------------------------
             |            Delta-method
             |      dy/dx   std. err.      t    P>|t|     [95% conf. interval]
-------------+----------------------------------------------------------------
   rural_cat |
          2  |   .0221434   .0031627     7.00   0.000     .0157771    .0285096
          3  |   .0210095   .0073601     2.85   0.006     .0061944    .0358247
------------------------------------------------------------------------------
Note: dy/dx for factor levels is the discrete change from the base level.

Linear regression, absorbing indicators          Number of obs     = 977870435
Absorbed variable: state_fips                    No. of categories =        47
                                                 F(1, 46)          =     48.14
                                                 Prob > F          =    0.0000
                                                 R-squared         =    0.2276
                                                 Adj R-squared     =    0.2276
                                                 Root MSE          =    0.0357

                            (Std. err. adjusted for 47 clusters in state_fips)
------------------------------------------------------------------------------
             |               Robust
         mir | Coefficient  std. err.      t    P>|t|     [95% conf. interval]
-------------+----------------------------------------------------------------
     1.metro |  -.0220767    .003182    -6.94   0.000    -.0284816   -.0156717
       _cons |   .1098566    .002658    41.33   0.000     .1045063    .1152069
------------------------------------------------------------------------------

Adjusted predictions                                 Number of obs = 977870435
Model VCE: Robust

Expression: Linear prediction, predict()

------------------------------------------------------------------------------
             |            Delta-method
             |     Margin   std. err.      t    P>|t|     [95% conf. interval]
-------------+----------------------------------------------------------------
       metro |
          0  |   .1098566    .002658    41.33   0.000     .1045063    .1152069
          1  |     .08778    .000524   167.53   0.000     .0867253    .0888346
------------------------------------------------------------------------------

Conditional marginal effects                         Number of obs = 977870435
Model VCE: Robust

Expression: Linear prediction, predict()
dy/dx wrt:  1.metro

------------------------------------------------------------------------------
             |            Delta-method
             |      dy/dx   std. err.      t    P>|t|     [95% conf. interval]
-------------+----------------------------------------------------------------
     1.metro |  -.0220767    .003182    -6.94   0.000    -.0284816   -.0156717
------------------------------------------------------------------------------
Note: dy/dx for factor levels is the discrete change from the base level.

. 
. 
. 
. log close
      name:  <unnamed>
       log:  C:\Users\jsemprini\OneDrive - Des Moines University\6-Student-Research\Su26-Elective\iii-Danielle\2-Derm\results\4-analysis-derm_mortinc-analysis-rucc1-MIR-update.
> log
  log type:  text
 closed on:  28 Sep 2026, 21:27:42
--------------------------------------------------------------------------------------------------------------------------------------------------------------------------------
