--------------------------------------------------------------------------------------------------------------------------------------------------------------------------------
      name:  <unnamed>
       log:  C:\Users\jsemprini\OneDrive - Des Moines University\6-Student-Research\Su26-Elective\iii-Danielle\2-Derm\results\4-analysis-derm_mortinc-analysis-rucc2-MIR-update.
> log
  log type:  text
 opened on:  28 Sep 2026, 21:27:42

. 
. foreach y in mir{
  2. areg `y' i.metro##i.anyderm [fw=pop] , vce(cluster state_fips) absorb(state_fips)
  3. 
. margins metro#anyderm
  4. 
. margins metro , dydx(anyderm)
  5. 
. areg `y' i.rural_cat##i.anyderm [fw=pop] , vce(cluster state_fips) absorb(state_fips)
  6. 
. margins rural_cat#anyderm
  7. 
. margins rural_cat , dydx(anyderm)
  8. 
. }

Linear regression, absorbing indicators          Number of obs     = 977870435
Absorbed variable: state_fips                    No. of categories =        47
                                                 F(3, 46)          =     19.45
                                                 Prob > F          =    0.0000
                                                 R-squared         =    0.2431
                                                 Adj R-squared     =    0.2431
                                                 Root MSE          =    0.0353

                             (Std. err. adjusted for 47 clusters in state_fips)
-------------------------------------------------------------------------------
              |               Robust
          mir | Coefficient  std. err.      t    P>|t|     [95% conf. interval]
--------------+----------------------------------------------------------------
      1.metro |  -.0095414   .0026859    -3.55   0.001    -.0149478    -.004135
    1.anyderm |  -.0114085   .0036689    -3.11   0.003    -.0187935   -.0040234
              |
metro#anyderm |
         1 1  |  -.0071433   .0042486    -1.68   0.099    -.0156953    .0014087
              |
        _cons |   .1141796   .0030496    37.44   0.000      .108041    .1203182
-------------------------------------------------------------------------------

Adjusted predictions                                 Number of obs = 977870435
Model VCE: Robust

Expression: Linear prediction, predict()

-------------------------------------------------------------------------------
              |            Delta-method
              |     Margin   std. err.      t    P>|t|     [95% conf. interval]
--------------+----------------------------------------------------------------
metro#anyderm |
         0 0  |   .1141796   .0030496    37.44   0.000      .108041    .1203182
         0 1  |   .1027711   .0034777    29.55   0.000     .0957709    .1097713
         1 0  |   .1046382   .0024647    42.46   0.000     .0996771    .1095993
         1 1  |   .0860864   .0007271   118.40   0.000     .0846228      .08755
-------------------------------------------------------------------------------

Conditional marginal effects                         Number of obs = 977870435
Model VCE: Robust

Expression: Linear prediction, predict()
dy/dx wrt:  1.anyderm

------------------------------------------------------------------------------
             |            Delta-method
             |      dy/dx   std. err.      t    P>|t|     [95% conf. interval]
-------------+----------------------------------------------------------------
0.anyderm    |  (base outcome)
-------------+----------------------------------------------------------------
1.anyderm    |
       metro |
          0  |  -.0114085   .0036689    -3.11   0.003    -.0187935   -.0040234
          1  |  -.0185518   .0030367    -6.11   0.000    -.0246644   -.0124391
------------------------------------------------------------------------------
Note: dy/dx for factor levels is the discrete change from the base level.

Linear regression, absorbing indicators          Number of obs     = 977870435
Absorbed variable: state_fips                    No. of categories =        47
                                                 F(5, 46)          =     11.80
                                                 Prob > F          =    0.0000
                                                 R-squared         =    0.2449
                                                 Adj R-squared     =    0.2449
                                                 Root MSE          =    0.0353

                                 (Std. err. adjusted for 47 clusters in state_fips)
-----------------------------------------------------------------------------------
                  |               Robust
              mir | Coefficient  std. err.      t    P>|t|     [95% conf. interval]
------------------+----------------------------------------------------------------
        rural_cat |
               2  |   .0102614   .0029069     3.53   0.001     .0044102    .0161127
               3  |   .0016149   .0052741     0.31   0.761    -.0090014    .0122312
                  |
        1.anyderm |  -.0185644   .0030634    -6.06   0.000    -.0247308   -.0123981
                  |
rural_cat#anyderm |
             2 1  |   .0057125   .0043557     1.31   0.196    -.0030551      .01448
             3 1  |    .075445   .0197587     3.82   0.000     .0356729    .1152172
                  |
            _cons |   .1046526   .0025072    41.74   0.000     .0996058    .1096994
-----------------------------------------------------------------------------------

Adjusted predictions                                 Number of obs = 977870435
Model VCE: Robust

Expression: Linear prediction, predict()

-----------------------------------------------------------------------------------
                  |            Delta-method
                  |     Margin   std. err.      t    P>|t|     [95% conf. interval]
------------------+----------------------------------------------------------------
rural_cat#anyderm |
             1 0  |   .1046526   .0025072    41.74   0.000     .0996058    .1096994
             1 1  |   .0860881   .0007073   121.72   0.000     .0846645    .0875118
             2 0  |    .114914   .0032201    35.69   0.000     .1084322    .1213958
             2 1  |    .102062   .0034208    29.84   0.000     .0951763    .1089478
             3 0  |   .1062675   .0056871    18.69   0.000       .09482     .117715
             3 1  |   .1631481   .0186392     8.75   0.000     .1256293    .2006669
-----------------------------------------------------------------------------------

Conditional marginal effects                         Number of obs = 977870435
Model VCE: Robust

Expression: Linear prediction, predict()
dy/dx wrt:  1.anyderm

------------------------------------------------------------------------------
             |            Delta-method
             |      dy/dx   std. err.      t    P>|t|     [95% conf. interval]
-------------+----------------------------------------------------------------
0.anyderm    |  (base outcome)
-------------+----------------------------------------------------------------
1.anyderm    |
   rural_cat |
          1  |  -.0185644   .0030634    -6.06   0.000    -.0247308   -.0123981
          2  |   -.012852   .0040951    -3.14   0.003     -.021095   -.0046089
          3  |   .0568806   .0183983     3.09   0.003     .0198466    .0939145
------------------------------------------------------------------------------
Note: dy/dx for factor levels is the discrete change from the base level.

. 
. 
. log close
      name:  <unnamed>
       log:  C:\Users\jsemprini\OneDrive - Des Moines University\6-Student-Research\Su26-Elective\iii-Danielle\2-Derm\results\4-analysis-derm_mortinc-analysis-rucc2-MIR-update.
> log
  log type:  text
 closed on:  28 Sep 2026, 21:27:43
--------------------------------------------------------------------------------------------------------------------------------------------------------------------------------
