--------------------------------------------------------------------------------------------------------------------------------------------------------------------------------
      name:  <unnamed>
       log:  C:\Users\jsemprini\OneDrive - Des Moines University\6-Student-Research\Su26-Elective\iii-Danielle\2-Derm\results\4-analysis-derm_mortinc-rucc-MIR-update.log
  log type:  text
 opened on:  28 Sep 2026, 21:27:40

. 
. reg mir i.rucc

      Source |       SS           df       MS      Number of obs   =     2,308
-------------+----------------------------------   F(8, 2299)      =      8.07
       Model |  .217205561         8  .027150695   Prob > F        =    0.0000
    Residual |  7.73100543     2,299  .003362769   R-squared       =    0.0273
-------------+----------------------------------   Adj R-squared   =    0.0239
       Total |  7.94821099     2,307  .003445258   Root MSE        =    .05799

------------------------------------------------------------------------------
         mir | Coefficient  Std. err.      t    P>|t|     [95% conf. interval]
-------------+----------------------------------------------------------------
   rucc_2013 |
          2  |   .0061431   .0041661     1.47   0.140    -.0020266    .0143128
          3  |   .0118291   .0042464     2.79   0.005     .0035019    .0201563
          4  |   .0112982   .0048746     2.32   0.021     .0017392    .0208573
          5  |    .009786   .0068118     1.44   0.151    -.0035719     .023144
          6  |   .0285495   .0038468     7.42   0.000     .0210058    .0360931
          7  |    .018599   .0045103     4.12   0.000     .0097543    .0274437
          8  |   .0084155   .0069124     1.22   0.224    -.0051397    .0219707
          9  |   .0140093   .0073793     1.90   0.058    -.0004614      .02848
             |
       _cons |   .0912949   .0027836    32.80   0.000     .0858363    .0967535
------------------------------------------------------------------------------

. margins rucc

Adjusted predictions                                     Number of obs = 2,308
Model VCE: OLS

Expression: Linear prediction, predict()

------------------------------------------------------------------------------
             |            Delta-method
             |     Margin   std. err.      t    P>|t|     [95% conf. interval]
-------------+----------------------------------------------------------------
   rucc_2013 |
          1  |   .0912949   .0027836    32.80   0.000     .0858363    .0967535
          2  |    .097438   .0030997    31.44   0.000     .0913595    .1035164
          3  |   .1031239   .0032068    32.16   0.000     .0968354    .1094125
          4  |   .1025931   .0040016    25.64   0.000     .0947459    .1104403
          5  |   .1010809   .0062171    16.26   0.000     .0888891    .1132726
          6  |   .1198443   .0026552    45.14   0.000     .1146376    .1250511
          7  |   .1098939   .0035489    30.97   0.000     .1029345    .1168532
          8  |   .0997103   .0063272    15.76   0.000     .0873028    .1121179
          9  |   .1053042   .0068341    15.41   0.000     .0919025    .1187059
------------------------------------------------------------------------------

. 
. 
. ***rural categories***
. 
. reg mir i.rural_cat

      Source |       SS           df       MS      Number of obs   =     2,308
-------------+----------------------------------   F(2, 2305)      =     19.19
       Model |  .130198588         2  .065099294   Prob > F        =    0.0000
    Residual |   7.8180124     2,305  .003391762   R-squared       =    0.0164
-------------+----------------------------------   Adj R-squared   =    0.0155
       Total |  7.94821099     2,307  .003445258   Root MSE        =    .05824

------------------------------------------------------------------------------
         mir | Coefficient  Std. err.      t    P>|t|     [95% conf. interval]
-------------+----------------------------------------------------------------
   rural_cat |
          2  |   .0155322   .0025122     6.18   0.000     .0106058    .0204586
          3  |   .0055803   .0049795     1.12   0.263    -.0041843     .015345
             |
       _cons |   .0967118   .0017473    55.35   0.000     .0932854    .1001381
------------------------------------------------------------------------------

. margins rural_cat

Adjusted predictions                                     Number of obs = 2,308
Model VCE: OLS

Expression: Linear prediction, predict()

------------------------------------------------------------------------------
             |            Delta-method
             |     Margin   std. err.      t    P>|t|     [95% conf. interval]
-------------+----------------------------------------------------------------
   rural_cat |
          1  |   .0967118   .0017473    55.35   0.000     .0932854    .1001381
          2  |    .112244    .001805    62.18   0.000     .1087043    .1157837
          3  |   .1022921   .0046628    21.94   0.000     .0931483    .1114359
------------------------------------------------------------------------------

. 
. ***metro binary***
. 
. reg mir i.metro

      Source |       SS           df       MS      Number of obs   =     2,308
-------------+----------------------------------   F(1, 2306)      =     34.38
       Model |  .116761917         1  .116761917   Prob > F        =    0.0000
    Residual |  7.83144908     2,306  .003396118   R-squared       =    0.0147
-------------+----------------------------------   Adj R-squared   =    0.0143
       Total |  7.94821099     2,307  .003445258   Root MSE        =    .05828

------------------------------------------------------------------------------
         mir | Coefficient  Std. err.      t    P>|t|     [95% conf. interval]
-------------+----------------------------------------------------------------
     1.metro |  -.0142352   .0024278    -5.86   0.000     -.018996   -.0094744
       _cons |    .110947   .0016844    65.87   0.000     .1076439    .1142501
------------------------------------------------------------------------------

. margins metro

Adjusted predictions                                     Number of obs = 2,308
Model VCE: OLS

Expression: Linear prediction, predict()

------------------------------------------------------------------------------
             |            Delta-method
             |     Margin   std. err.      t    P>|t|     [95% conf. interval]
-------------+----------------------------------------------------------------
       metro |
          0  |    .110947   .0016844    65.87   0.000     .1076439    .1142501
          1  |   .0967118   .0017484    55.32   0.000     .0932832    .1001403
------------------------------------------------------------------------------

. 
. 
. log close
      name:  <unnamed>
       log:  C:\Users\jsemprini\OneDrive - Des Moines University\6-Student-Research\Su26-Elective\iii-Danielle\2-Derm\results\4-analysis-derm_mortinc-rucc-MIR-update.log
  log type:  text
 closed on:  28 Sep 2026, 21:27:41
--------------------------------------------------------------------------------------------------------------------------------------------------------------------------------
